Archive member included to satisfy reference by file (symbol)

c:/users/billa/appdata/roaming/code/user/globalstorage/bmd.stm32-for-vscode/@xpack-dev-tools/arm-none-eabi-gcc/12.2.1-1.2.1/.content/bin/../lib/gcc/arm-none-eabi/12.2.1/../../../../arm-none-eabi/lib/thumb/v7e-m+fp/hard\libc_nano.a(libc_a-atexit.o)
                              c:/users/billa/appdata/roaming/code/user/globalstorage/bmd.stm32-for-vscode/@xpack-dev-tools/arm-none-eabi-gcc/12.2.1-1.2.1/.content/bin/../lib/gcc/arm-none-eabi/12.2.1/../../../../arm-none-eabi/lib/thumb/v7e-m+fp/hard/crt0.o (atexit)
c:/users/billa/appdata/roaming/code/user/globalstorage/bmd.stm32-for-vscode/@xpack-dev-tools/arm-none-eabi-gcc/12.2.1-1.2.1/.content/bin/../lib/gcc/arm-none-eabi/12.2.1/../../../../arm-none-eabi/lib/thumb/v7e-m+fp/hard\libc_nano.a(libc_a-exit.o)
                              c:/users/billa/appdata/roaming/code/user/globalstorage/bmd.stm32-for-vscode/@xpack-dev-tools/arm-none-eabi-gcc/12.2.1-1.2.1/.content/bin/../lib/gcc/arm-none-eabi/12.2.1/../../../../arm-none-eabi/lib/thumb/v7e-m+fp/hard/crt0.o (exit)
c:/users/billa/appdata/roaming/code/user/globalstorage/bmd.stm32-for-vscode/@xpack-dev-tools/arm-none-eabi-gcc/12.2.1-1.2.1/.content/bin/../lib/gcc/arm-none-eabi/12.2.1/../../../../arm-none-eabi/lib/thumb/v7e-m+fp/hard\libc_nano.a(libc_a-findfp.o)
                              c:/users/billa/appdata/roaming/code/user/globalstorage/bmd.stm32-for-vscode/@xpack-dev-tools/arm-none-eabi-gcc/12.2.1-1.2.1/.content/bin/../lib/gcc/arm-none-eabi/12.2.1/../../../../arm-none-eabi/lib/thumb/v7e-m+fp/hard\libc_nano.a(libc_a-exit.o) (__stdio_exit_handler)
c:/users/billa/appdata/roaming/code/user/globalstorage/bmd.stm32-for-vscode/@xpack-dev-tools/arm-none-eabi-gcc/12.2.1-1.2.1/.content/bin/../lib/gcc/arm-none-eabi/12.2.1/../../../../arm-none-eabi/lib/thumb/v7e-m+fp/hard\libc_nano.a(libc_a-fwalk.o)
                              c:/users/billa/appdata/roaming/code/user/globalstorage/bmd.stm32-for-vscode/@xpack-dev-tools/arm-none-eabi-gcc/12.2.1-1.2.1/.content/bin/../lib/gcc/arm-none-eabi/12.2.1/../../../../arm-none-eabi/lib/thumb/v7e-m+fp/hard\libc_nano.a(libc_a-findfp.o) (_fwalk_sglue)
c:/users/billa/appdata/roaming/code/user/globalstorage/bmd.stm32-for-vscode/@xpack-dev-tools/arm-none-eabi-gcc/12.2.1-1.2.1/.content/bin/../lib/gcc/arm-none-eabi/12.2.1/../../../../arm-none-eabi/lib/thumb/v7e-m+fp/hard\libc_nano.a(libc_a-stdio.o)
                              c:/users/billa/appdata/roaming/code/user/globalstorage/bmd.stm32-for-vscode/@xpack-dev-tools/arm-none-eabi-gcc/12.2.1-1.2.1/.content/bin/../lib/gcc/arm-none-eabi/12.2.1/../../../../arm-none-eabi/lib/thumb/v7e-m+fp/hard\libc_nano.a(libc_a-findfp.o) (__sread)
c:/users/billa/appdata/roaming/code/user/globalstorage/bmd.stm32-for-vscode/@xpack-dev-tools/arm-none-eabi-gcc/12.2.1-1.2.1/.content/bin/../lib/gcc/arm-none-eabi/12.2.1/../../../../arm-none-eabi/lib/thumb/v7e-m+fp/hard\libc_nano.a(libc_a-memset.o)
                              c:/users/billa/appdata/roaming/code/user/globalstorage/bmd.stm32-for-vscode/@xpack-dev-tools/arm-none-eabi-gcc/12.2.1-1.2.1/.content/bin/../lib/gcc/arm-none-eabi/12.2.1/../../../../arm-none-eabi/lib/thumb/v7e-m+fp/hard/crt0.o (memset)
c:/users/billa/appdata/roaming/code/user/globalstorage/bmd.stm32-for-vscode/@xpack-dev-tools/arm-none-eabi-gcc/12.2.1-1.2.1/.content/bin/../lib/gcc/arm-none-eabi/12.2.1/../../../../arm-none-eabi/lib/thumb/v7e-m+fp/hard\libc_nano.a(libc_a-closer.o)
                              c:/users/billa/appdata/roaming/code/user/globalstorage/bmd.stm32-for-vscode/@xpack-dev-tools/arm-none-eabi-gcc/12.2.1-1.2.1/.content/bin/../lib/gcc/arm-none-eabi/12.2.1/../../../../arm-none-eabi/lib/thumb/v7e-m+fp/hard\libc_nano.a(libc_a-stdio.o) (_close_r)
c:/users/billa/appdata/roaming/code/user/globalstorage/bmd.stm32-for-vscode/@xpack-dev-tools/arm-none-eabi-gcc/12.2.1-1.2.1/.content/bin/../lib/gcc/arm-none-eabi/12.2.1/../../../../arm-none-eabi/lib/thumb/v7e-m+fp/hard\libc_nano.a(libc_a-reent.o)
                              c:/users/billa/appdata/roaming/code/user/globalstorage/bmd.stm32-for-vscode/@xpack-dev-tools/arm-none-eabi-gcc/12.2.1-1.2.1/.content/bin/../lib/gcc/arm-none-eabi/12.2.1/../../../../arm-none-eabi/lib/thumb/v7e-m+fp/hard\libc_nano.a(libc_a-closer.o) (errno)
c:/users/billa/appdata/roaming/code/user/globalstorage/bmd.stm32-for-vscode/@xpack-dev-tools/arm-none-eabi-gcc/12.2.1-1.2.1/.content/bin/../lib/gcc/arm-none-eabi/12.2.1/../../../../arm-none-eabi/lib/thumb/v7e-m+fp/hard\libc_nano.a(libc_a-impure.o)
                              c:/users/billa/appdata/roaming/code/user/globalstorage/bmd.stm32-for-vscode/@xpack-dev-tools/arm-none-eabi-gcc/12.2.1-1.2.1/.content/bin/../lib/gcc/arm-none-eabi/12.2.1/../../../../arm-none-eabi/lib/thumb/v7e-m+fp/hard\libc_nano.a(libc_a-reent.o) (_impure_ptr)
[...]
Memory Configuration

Name             Origin             Length             Attributes
RAM              0x0000000020000000 0x000000000000a000 xrw
RAM2             0x0000000010000000 0x0000000000002000 xrw
FLASH            0x0000000008000000 0x0000000000020000 xr
*default*        0x0000000000000000 0xffffffffffffffff

Linker script and memory map

LOAD c:/users/billa/appdata/roaming/code/user/globalstorage/bmd.stm32-for-vscode/@xpack-dev-tools/arm-none-eabi-gcc/12.2.1-1.2.1/.content/bin/../lib/gcc/arm-none-eabi/12.2.1/thumb/v7e-m+fp/hard/crti.o
LOAD c:/users/billa/appdata/roaming/code/user/globalstorage/bmd.stm32-for-vscode/@xpack-dev-tools/arm-none-eabi-gcc/12.2.1-1.2.1/.content/bin/../lib/gcc/arm-none-eabi/12.2.1/thumb/v7e-m+fp/hard/crtbegin.o
LOAD c:/users/billa/appdata/roaming/code/user/globalstorage/bmd.stm32-for-vscode/@xpack-dev-tools/arm-none-eabi-gcc/12.2.1-1.2.1/.content/bin/../lib/gcc/arm-none-eabi/12.2.1/../../../../arm-none-eabi/lib/thumb/v7e-m+fp/hard/crt0.o
LOAD build/adc.o
LOAD build/dma.o
LOAD build/gpio.o
LOAD build/i2c.o
LOAD build/main.o
LOAD build/spi.o
LOAD build/stm32l4xx_hal_msp.o
LOAD build/stm32l4xx_it.o
LOAD build/system_stm32l4xx.o
LOAD build/tim.o
LOAD build/usart.o
LOAD build/stm32l4xx_hal.o
LOAD build/stm32l4xx_hal_adc.o
LOAD build/stm32l4xx_hal_adc_ex.o
LOAD build/stm32l4xx_hal_cortex.o
LOAD build/stm32l4xx_hal_dma.o
LOAD build/stm32l4xx_hal_dma_ex.o
LOAD build/stm32l4xx_hal_exti.o
LOAD build/stm32l4xx_hal_flash.o
LOAD build/stm32l4xx_hal_flash_ex.o
LOAD build/stm32l4xx_hal_flash_ramfunc.o
LOAD build/stm32l4xx_hal_gpio.o
LOAD build/stm32l4xx_hal_i2c.o
LOAD build/stm32l4xx_hal_i2c_ex.o
LOAD build/stm32l4xx_hal_pwr.o
LOAD build/stm32l4xx_hal_pwr_ex.o
LOAD build/stm32l4xx_hal_rcc.o
LOAD build/stm32l4xx_hal_rcc_ex.o
LOAD build/stm32l4xx_hal_spi.o
LOAD build/stm32l4xx_hal_spi_ex.o
LOAD build/stm32l4xx_hal_tim.o
LOAD build/stm32l4xx_hal_tim_ex.o
LOAD build/stm32l4xx_hal_uart.o
LOAD build/stm32l4xx_hal_uart_ex.o
LOAD build/startup_stm32l412xx.o
LOAD c:/users/billa/appdata/roaming/code/user/globalstorage/bmd.stm32-for-vscode/@xpack-dev-tools/arm-none-eabi-gcc/12.2.1-1.2.1/.content/bin/../lib/gcc/arm-none-eabi/12.2.1/../../../../arm-none-eabi/lib/thumb/v7e-m+fp/hard\libc_nano.a
LOAD c:/users/billa/appdata/roaming/code/user/globalstorage/bmd.stm32-for-vscode/@xpack-dev-tools/arm-none-eabi-gcc/12.2.1-1.2.1/.content/bin/../lib/gcc/arm-none-eabi/12.2.1/../../../../arm-none-eabi/lib/thumb/v7e-m+fp/hard\libm.a
LOAD c:/users/billa/appdata/roaming/code/user/globalstorage/bmd.stm32-for-vscode/@xpack-dev-tools/arm-none-eabi-gcc/12.2.1-1.2.1/.content/bin/../lib/gcc/arm-none-eabi/12.2.1/../../../../arm-none-eabi/lib/thumb/v7e-m+fp/hard\libnosys.a
START GROUP
LOAD c:/users/billa/appdata/roaming/code/user/globalstorage/bmd.stm32-for-vscode/@xpack-dev-tools/arm-none-eabi-gcc/12.2.1-1.2.1/.content/bin/../lib/gcc/arm-none-eabi/12.2.1/thumb/v7e-m+fp/hard\libgcc.a
LOAD c:/users/billa/appdata/roaming/code/user/globalstorage/bmd.stm32-for-vscode/@xpack-dev-tools/arm-none-eabi-gcc/12.2.1-1.2.1/.content/bin/../lib/gcc/arm-none-eabi/12.2.1/../../../../arm-none-eabi/lib/thumb/v7e-m+fp/hard\libc_nano.a
END GROUP
START GROUP
LOAD c:/users/billa/appdata/roaming/code/user/globalstorage/bmd.stm32-for-vscode/@xpack-dev-tools/arm-none-eabi-gcc/12.2.1-1.2.1/.content/bin/../lib/gcc/arm-none-eabi/12.2.1/thumb/v7e-m+fp/hard\libgcc.a
LOAD c:/users/billa/appdata/roaming/code/user/globalstorage/bmd.stm32-for-vscode/@xpack-dev-tools/arm-none-eabi-gcc/12.2.1-1.2.1/.content/bin/../lib/gcc/arm-none-eabi/12.2.1/../../../../arm-none-eabi/lib/thumb/v7e-m+fp/hard\libc_nano.a
END GROUP
LOAD c:/users/billa/appdata/roaming/code/user/globalstorage/bmd.stm32-for-vscode/@xpack-dev-tools/arm-none-eabi-gcc/12.2.1-1.2.1/.content/bin/../lib/gcc/arm-none-eabi/12.2.1/thumb/v7e-m+fp/hard/crtend.o
LOAD c:/users/billa/appdata/roaming/code/user/globalstorage/bmd.stm32-for-vscode/@xpack-dev-tools/arm-none-eabi-gcc/12.2.1-1.2.1/.content/bin/../lib/gcc/arm-none-eabi/12.2.1/thumb/v7e-m+fp/hard/crtn.o
                0x000000002000a000                _estack = (ORIGIN (RAM) + LENGTH (RAM))
                0x0000000000000200                _Min_Heap_Size = 0x200
                0x0000000000000400                _Min_Stack_Size = 0x400

.isr_vector     0x0000000008000000      0x190
                0x0000000008000000                . = ALIGN (0x8)
 *(.isr_vector)
 .isr_vector    0x0000000008000000      0x18c build/startup_stm32l412xx.o
                0x0000000008000000                g_pfnVectors
                0x0000000008000190                . = ALIGN (0x8)
 *fill*         0x000000000800018c        0x4 

.text           0x0000000008000190     0x3520
                0x0000000008000190                . = ALIGN (0x8)
 *(.text)
 .text          0x0000000008000190       0x30 c:/users/billa/appdata/roaming/code/user/globalstorage/bmd.stm32-for-vscode/@xpack-dev-tools/arm-none-eabi-gcc/12.2.1-1.2.1/.content/bin/../lib/gcc/arm-none-eabi/12.2.1/thumb/v7e-m+fp/hard\libgcc.a(_aeabi_uldivmod.o)
                0x0000000008000190                __aeabi_uldivmod
 .text          0x00000000080001c0        0x4 c:/users/billa/appdata/roaming/code/user/globalstorage/bmd.stm32-for-vscode/@xpack-dev-tools/arm-none-eabi-gcc/12.2.1-1.2.1/.content/bin/../lib/gcc/arm-none-eabi/12.2.1/thumb/v7e-m+fp/hard\libgcc.a(_dvmd_tls.o)
                0x00000000080001c0                __aeabi_idiv0
                0x00000000080001c0                __aeabi_ldiv0
 *(.text*)
 .text.__do_global_dtors_aux
                0x00000000080001c4       0x24 c:/users/billa/appdata/roaming/code/user/globalstorage/bmd.stm32-for-vscode/@xpack-dev-tools/arm-none-eabi-gcc/12.2.1-1.2.1/.content/bin/../lib/gcc/arm-none-eabi/12.2.1/thumb/v7e-m+fp/hard/crtbegin.o
 .text.frame_dummy
                0x00000000080001e8       0x1c c:/users/billa/appdata/roaming/code/user/globalstorage/bmd.stm32-for-vscode/@xpack-dev-tools/arm-none-eabi-gcc/12.2.1-1.2.1/.content/bin/../lib/gcc/arm-none-eabi/12.2.1/thumb/v7e-m+fp/hard/crtbegin.o
 .text.MX_ADC1_Init
                0x0000000008000204       0xa0 build/adc.o
                0x0000000008000204                MX_ADC1_Init
 .text.HAL_ADC_MspInit
                0x00000000080002a4       0x64 build/adc.o
                0x00000000080002a4                HAL_ADC_MspInit
 .text.MX_DMA_Init
                0x0000000008000308       0x34 build/dma.o
                0x0000000008000308                MX_DMA_Init
 .text.MX_GPIO_Init
                0x000000000800033c       0xa8 build/gpio.o
                0x000000000800033c                MX_GPIO_Init
 .text.MX_I2C3_Init
                0x00000000080003e4       0x58 build/i2c.o
                0x00000000080003e4                MX_I2C3_Init
 .text.HAL_I2C_MspInit
                0x000000000800043c       0xc0 build/i2c.o
                0x000000000800043c                HAL_I2C_MspInit
 .text.Error_Handler
                0x00000000080004fc        0x4 build/main.o
                0x00000000080004fc                Error_Handler
 .text.SystemClock_Config
                0x0000000008000500       0x76 build/main.o
                0x0000000008000500                SystemClock_Config
 *fill*         0x0000000008000576        0x2 
 .text.main     0x0000000008000578       0x40 build/main.o
                0x0000000008000578                main
 .text.MX_SPI1_Init
                0x00000000080005b8       0x4c build/spi.o
                0x00000000080005b8                MX_SPI1_Init
 .text.HAL_SPI_MspInit
                0x0000000008000604       0x68 build/spi.o
                0x0000000008000604                HAL_SPI_MspInit
 .text.HAL_MspInit
                0x000000000800066c       0x30 build/stm32l4xx_hal_msp.o
                0x000000000800066c                HAL_MspInit
 .text.NMI_Handler
                0x000000000800069c        0x2 build/stm32l4xx_it.o
                0x000000000800069c                NMI_Handler
 .text.HardFault_Handler
                0x000000000800069e        0x2 build/stm32l4xx_it.o
                0x000000000800069e                HardFault_Handler
 .text.MemManage_Handler
                0x00000000080006a0        0x2 build/stm32l4xx_it.o
                0x00000000080006a0                MemManage_Handler
 .text.BusFault_Handler
                0x00000000080006a2        0x2 build/stm32l4xx_it.o
                0x00000000080006a2                BusFault_Handler
 .text.UsageFault_Handler
                0x00000000080006a4        0x2 build/stm32l4xx_it.o
                0x00000000080006a4                UsageFault_Handler
 .text.SVC_Handler
                0x00000000080006a6        0x2 build/stm32l4xx_it.o
                0x00000000080006a6                SVC_Handler
 .text.DebugMon_Handler
                0x00000000080006a8        0x2 build/stm32l4xx_it.o
                0x00000000080006a8                DebugMon_Handler
 .text.PendSV_Handler
                0x00000000080006aa        0x2 build/stm32l4xx_it.o
                0x00000000080006aa                PendSV_Handler
 .text.SysTick_Handler
                0x00000000080006ac        0x8 build/stm32l4xx_it.o
                0x00000000080006ac                SysTick_Handler
 .text.DMA1_Channel5_IRQHandler
                0x00000000080006b4       0x10 build/stm32l4xx_it.o
                0x00000000080006b4                DMA1_Channel5_IRQHandler
 .text.SystemInit
                0x00000000080006c4       0x14 build/system_stm32l4xx.o
                0x00000000080006c4                SystemInit
 .text.HAL_TIM_Base_MspInit
                0x00000000080006d8       0x90 build/tim.o
                0x00000000080006d8                HAL_TIM_Base_MspInit
 .text.HAL_TIM_MspPostInit
                0x0000000008000768       0x88 build/tim.o
                0x0000000008000768                HAL_TIM_MspPostInit
 .text.MX_TIM1_Init
                0x00000000080007f0      0x134 build/tim.o
                0x00000000080007f0                MX_TIM1_Init
 .text.MX_TIM2_Init
                0x0000000008000924       0xac build/tim.o
                0x0000000008000924                MX_TIM2_Init
 .text.MX_USART2_UART_Init
                0x00000000080009d0       0x38 build/usart.o
                0x00000000080009d0                MX_USART2_UART_Init
 .text.HAL_UART_MspInit
                0x0000000008000a08       0xa0 build/usart.o
                0x0000000008000a08                HAL_UART_MspInit
 .text.HAL_InitTick
                0x0000000008000aa8       0x50 build/stm32l4xx_hal.o
                0x0000000008000aa8                HAL_InitTick
 .text.HAL_Init
                0x0000000008000af8       0x1e build/stm32l4xx_hal.o
                0x0000000008000af8                HAL_Init
 *fill*         0x0000000008000b16        0x2 
 .text.HAL_IncTick
                0x0000000008000b18       0x18 build/stm32l4xx_hal.o
                0x0000000008000b18                HAL_IncTick
 .text.HAL_GetTick
                0x0000000008000b30        0xc build/stm32l4xx_hal.o
                0x0000000008000b30                HAL_GetTick
 .text.HAL_Delay
                0x0000000008000b3c       0x28 build/stm32l4xx_hal.o
                0x0000000008000b3c                HAL_Delay
 .text.LL_ADC_REG_SetSequencerRanks
                0x0000000008000b64       0x30 build/stm32l4xx_hal_adc.o
 .text.LL_ADC_SetChannelSamplingTime
                0x0000000008000b94       0x2c build/stm32l4xx_hal_adc.o
 .text.HAL_ADC_Init
                0x0000000008000bc0      0x1f4 build/stm32l4xx_hal_adc.o
                0x0000000008000bc0                HAL_ADC_Init
 .text.HAL_ADC_ConfigChannel
                0x0000000008000db4      0x450 build/stm32l4xx_hal_adc.o
                0x0000000008000db4                HAL_ADC_ConfigChannel
 .text.HAL_ADCEx_MultiModeConfigChannel
                0x0000000008001204      0x118 build/stm32l4xx_hal_adc_ex.o
                0x0000000008001204                HAL_ADCEx_MultiModeConfigChannel
 .text.__NVIC_EnableIRQ
                0x000000000800131c       0x1c build/stm32l4xx_hal_cortex.o
 .text.__NVIC_SetPriority
                0x0000000008001338       0x28 build/stm32l4xx_hal_cortex.o
 .text.NVIC_EncodePriority
                0x0000000008001360       0x3e build/stm32l4xx_hal_cortex.o
 *fill*         0x000000000800139e        0x2 
 .text.HAL_NVIC_SetPriorityGrouping
                0x00000000080013a0       0x24 build/stm32l4xx_hal_cortex.o
                0x00000000080013a0                HAL_NVIC_SetPriorityGrouping
 .text.HAL_NVIC_SetPriority
                0x00000000080013c4       0x20 build/stm32l4xx_hal_cortex.o
                0x00000000080013c4                HAL_NVIC_SetPriority
 .text.HAL_NVIC_EnableIRQ
                0x00000000080013e4        0x8 build/stm32l4xx_hal_cortex.o
                0x00000000080013e4                HAL_NVIC_EnableIRQ
 .text.HAL_SYSTICK_Config
                0x00000000080013ec       0x28 build/stm32l4xx_hal_cortex.o
                0x00000000080013ec                HAL_SYSTICK_Config
 .text.HAL_DMA_Init
                0x0000000008001414      0x108 build/stm32l4xx_hal_dma.o
                0x0000000008001414                HAL_DMA_Init
 .text.HAL_DMA_IRQHandler
                0x000000000800151c       0xc4 build/stm32l4xx_hal_dma.o
                0x000000000800151c                HAL_DMA_IRQHandler
 .text.HAL_GPIO_Init
                0x00000000080015e0      0x1bc build/stm32l4xx_hal_gpio.o
                0x00000000080015e0                HAL_GPIO_Init
 .text.HAL_GPIO_WritePin
                0x000000000800179c        0xa build/stm32l4xx_hal_gpio.o
                0x000000000800179c                HAL_GPIO_WritePin
 .text.HAL_GPIO_TogglePin
                0x00000000080017a6       0x12 build/stm32l4xx_hal_gpio.o
                0x00000000080017a6                HAL_GPIO_TogglePin
 .text.HAL_I2C_Init
                0x00000000080017b8       0xbc build/stm32l4xx_hal_i2c.o
                0x00000000080017b8                HAL_I2C_Init
 .text.HAL_I2CEx_ConfigAnalogFilter
                0x0000000008001874       0x5c build/stm32l4xx_hal_i2c_ex.o
                0x0000000008001874                HAL_I2CEx_ConfigAnalogFilter
 .text.HAL_I2CEx_ConfigDigitalFilter
                0x00000000080018d0       0x58 build/stm32l4xx_hal_i2c_ex.o
                0x00000000080018d0                HAL_I2CEx_ConfigDigitalFilter
 .text.HAL_PWREx_GetVoltageRange
                0x0000000008001928       0x10 build/stm32l4xx_hal_pwr_ex.o
                0x0000000008001928                HAL_PWREx_GetVoltageRange
 .text.HAL_PWREx_ControlVoltageScaling
                0x0000000008001938       0x90 build/stm32l4xx_hal_pwr_ex.o
                0x0000000008001938                HAL_PWREx_ControlVoltageScaling
 .text.RCC_SetFlashLatencyFromMSIRange
                0x00000000080019c8       0x90 build/stm32l4xx_hal_rcc.o
 .text.HAL_RCC_GetSysClockFreq
                0x0000000008001a58       0xb4 build/stm32l4xx_hal_rcc.o
                0x0000000008001a58                HAL_RCC_GetSysClockFreq
 .text.HAL_RCC_OscConfig
                0x0000000008001b0c      0x6dc build/stm32l4xx_hal_rcc.o
                0x0000000008001b0c                HAL_RCC_OscConfig
 .text.HAL_RCC_ClockConfig
                0x00000000080021e8      0x188 build/stm32l4xx_hal_rcc.o
                0x00000000080021e8                HAL_RCC_ClockConfig
 .text.HAL_RCC_GetHCLKFreq
                0x0000000008002370        0xc build/stm32l4xx_hal_rcc.o
                0x0000000008002370                HAL_RCC_GetHCLKFreq
 .text.HAL_RCC_GetPCLK1Freq
                0x000000000800237c       0x24 build/stm32l4xx_hal_rcc.o
                0x000000000800237c                HAL_RCC_GetPCLK1Freq
 .text.HAL_RCC_GetPCLK2Freq
                0x00000000080023a0       0x24 build/stm32l4xx_hal_rcc.o
                0x00000000080023a0                HAL_RCC_GetPCLK2Freq
 .text.HAL_RCCEx_PeriphCLKConfig
                0x00000000080023c4      0x234 build/stm32l4xx_hal_rcc_ex.o
                0x00000000080023c4                HAL_RCCEx_PeriphCLKConfig
 .text.HAL_SPI_Init
                0x00000000080025f8       0xde build/stm32l4xx_hal_spi.o
                0x00000000080025f8                HAL_SPI_Init
 *fill*         0x00000000080026d6        0x2 
 .text.TIM_OC1_SetConfig
                0x00000000080026d8       0x7c build/stm32l4xx_hal_tim.o
 .text.TIM_OC3_SetConfig
                0x0000000008002754       0x70 build/stm32l4xx_hal_tim.o
 .text.TIM_OC4_SetConfig
                0x00000000080027c4       0x5c build/stm32l4xx_hal_tim.o
 .text.TIM_OC5_SetConfig
                0x0000000008002820       0x58 build/stm32l4xx_hal_tim.o
 .text.TIM_OC6_SetConfig
                0x0000000008002878       0x5c build/stm32l4xx_hal_tim.o
 .text.TIM_TI1_ConfigInputStage
                0x00000000080028d4       0x26 build/stm32l4xx_hal_tim.o
 .text.TIM_TI2_ConfigInputStage
                0x00000000080028fa       0x28 build/stm32l4xx_hal_tim.o
 .text.TIM_ITRx_SetConfig
                0x0000000008002922       0x10 build/stm32l4xx_hal_tim.o
 .text.HAL_TIM_PWM_MspInit
                0x0000000008002932        0x2 build/stm32l4xx_hal_tim.o
                0x0000000008002932                HAL_TIM_PWM_MspInit
 .text.TIM_Base_SetConfig
                0x0000000008002934       0x70 build/stm32l4xx_hal_tim.o
                0x0000000008002934                TIM_Base_SetConfig
 .text.HAL_TIM_Base_Init
                0x00000000080029a4       0x60 build/stm32l4xx_hal_tim.o
                0x00000000080029a4                HAL_TIM_Base_Init
 .text.HAL_TIM_PWM_Init
                0x0000000008002a04       0x60 build/stm32l4xx_hal_tim.o
                0x0000000008002a04                HAL_TIM_PWM_Init
 .text.TIM_OC2_SetConfig
                0x0000000008002a64       0x74 build/stm32l4xx_hal_tim.o
                0x0000000008002a64                TIM_OC2_SetConfig
 .text.HAL_TIM_PWM_ConfigChannel
                0x0000000008002ad8      0x13a build/stm32l4xx_hal_tim.o
                0x0000000008002ad8                HAL_TIM_PWM_ConfigChannel
 .text.TIM_ETR_SetConfig
                0x0000000008002c12       0x1a build/stm32l4xx_hal_tim.o
                0x0000000008002c12                TIM_ETR_SetConfig
 .text.HAL_TIM_ConfigClockSource
                0x0000000008002c2c      0x100 build/stm32l4xx_hal_tim.o
                0x0000000008002c2c                HAL_TIM_ConfigClockSource
 .text.HAL_TIMEx_MasterConfigSynchronization
                0x0000000008002d2c       0x70 build/stm32l4xx_hal_tim_ex.o
                0x0000000008002d2c                HAL_TIMEx_MasterConfigSynchronization
 .text.HAL_TIMEx_ConfigBreakDeadTime
                0x0000000008002d9c       0x88 build/stm32l4xx_hal_tim_ex.o
                0x0000000008002d9c                HAL_TIMEx_ConfigBreakDeadTime
 .text.UART_SetConfig
                0x0000000008002e24      0x2a0 build/stm32l4xx_hal_uart.o
                0x0000000008002e24                UART_SetConfig
 .text.UART_AdvFeatureConfig
                0x00000000080030c4       0xca build/stm32l4xx_hal_uart.o
                0x00000000080030c4                UART_AdvFeatureConfig
 .text.UART_WaitOnFlagUntilTimeout
                0x000000000800318e       0xd0 build/stm32l4xx_hal_uart.o
                0x000000000800318e                UART_WaitOnFlagUntilTimeout
 .text.UART_CheckIdleState
                0x000000000800325e       0x70 build/stm32l4xx_hal_uart.o
                0x000000000800325e                UART_CheckIdleState
 .text.HAL_UART_Init
                0x00000000080032ce       0x62 build/stm32l4xx_hal_uart.o
                0x00000000080032ce                HAL_UART_Init
 .text.Reset_Handler
                0x0000000008003330       0x50 build/startup_stm32l412xx.o
                0x0000000008003330                Reset_Handler
 .text.Default_Handler
                0x0000000008003380        0x2 build/startup_stm32l412xx.o
                0x0000000008003380                RTC_Alarm_IRQHandler
                0x0000000008003380                EXTI2_IRQHandler
                0x0000000008003380                TIM1_CC_IRQHandler
                0x0000000008003380                TSC_IRQHandler
                0x0000000008003380                TIM6_IRQHandler
                0x0000000008003380                TAMP_STAMP_IRQHandler
                0x0000000008003380                EXTI3_IRQHandler
                0x0000000008003380                LPTIM2_IRQHandler
                0x0000000008003380                I2C3_ER_IRQHandler
                0x0000000008003380                EXTI0_IRQHandler
                0x0000000008003380                I2C2_EV_IRQHandler
                0x0000000008003380                FPU_IRQHandler
                0x0000000008003380                TIM1_UP_TIM16_IRQHandler
                0x0000000008003380                ADC1_2_IRQHandler
                0x0000000008003380                SPI1_IRQHandler
                0x0000000008003380                DMA2_Channel2_IRQHandler
                0x0000000008003380                DMA1_Channel4_IRQHandler
                0x0000000008003380                USART3_IRQHandler
                0x0000000008003380                DMA1_Channel7_IRQHandler
                0x0000000008003380                DMA2_Channel1_IRQHandler
                0x0000000008003380                QUADSPI_IRQHandler
                0x0000000008003380                I2C1_EV_IRQHandler
                0x0000000008003380                DMA1_Channel6_IRQHandler
                0x0000000008003380                DMA2_Channel4_IRQHandler
                0x0000000008003380                RCC_IRQHandler
                0x0000000008003380                TIM1_TRG_COM_IRQHandler
                0x0000000008003380                DMA1_Channel1_IRQHandler
                0x0000000008003380                Default_Handler
                0x0000000008003380                DMA2_Channel7_IRQHandler
                0x0000000008003380                EXTI15_10_IRQHandler
                0x0000000008003380                I2C3_EV_IRQHandler
                0x0000000008003380                USB_IRQHandler
                0x0000000008003380                EXTI9_5_IRQHandler
                0x0000000008003380                RTC_WKUP_IRQHandler
                0x0000000008003380                PVD_PVM_IRQHandler
                0x0000000008003380                SPI2_IRQHandler
                0x0000000008003380                DMA2_Channel5_IRQHandler
                0x0000000008003380                CRS_IRQHandler
                0x0000000008003380                EXTI4_IRQHandler
                0x0000000008003380                RNG_IRQHandler
                0x0000000008003380                DMA1_Channel3_IRQHandler
                0x0000000008003380                COMP_IRQHandler
                0x0000000008003380                WWDG_IRQHandler
                0x0000000008003380                LPUART1_IRQHandler
                0x0000000008003380                DMA2_Channel6_IRQHandler
                0x0000000008003380                TIM2_IRQHandler
                0x0000000008003380                EXTI1_IRQHandler
                0x0000000008003380                USART2_IRQHandler
                0x0000000008003380                I2C2_ER_IRQHandler
                0x0000000008003380                DMA1_Channel2_IRQHandler
                0x0000000008003380                FLASH_IRQHandler
                0x0000000008003380                USART1_IRQHandler
                0x0000000008003380                I2C1_ER_IRQHandler
                0x0000000008003380                LPTIM1_IRQHandler
                0x0000000008003380                DMA2_Channel3_IRQHandler
                0x0000000008003380                TIM1_BRK_TIM15_IRQHandler
 .text.memset   0x0000000008003382       0x10 c:/users/billa/appdata/roaming/code/user/globalstorage/bmd.stm32-for-vscode/@xpack-dev-tools/arm-none-eabi-gcc/12.2.1-1.2.1/.content/bin/../lib/gcc/arm-none-eabi/12.2.1/../../../../arm-none-eabi/lib/thumb/v7e-m+fp/hard\libc_nano.a(libc_a-memset.o)
                0x0000000008003382                memset
 *fill*         0x0000000008003392        0x2 
 .text.__libc_init_array
                0x0000000008003394       0x48 c:/users/billa/appdata/roaming/code/user/globalstorage/bmd.stm32-for-vscode/@xpack-dev-tools/arm-none-eabi-gcc/12.2.1-1.2.1/.content/bin/../lib/gcc/arm-none-eabi/12.2.1/../../../../arm-none-eabi/lib/thumb/v7e-m+fp/hard\libc_nano.a(libc_a-init.o)
                0x0000000008003394                __libc_init_array
 .text.__udivmoddi4
                0x00000000080033dc      0x2bc c:/users/billa/appdata/roaming/code/user/globalstorage/bmd.stm32-for-vscode/@xpack-dev-tools/arm-none-eabi-gcc/12.2.1-1.2.1/.content/bin/../lib/gcc/arm-none-eabi/12.2.1/thumb/v7e-m+fp/hard\libgcc.a(_udivmoddi4.o)
                0x00000000080033dc                __udivmoddi4
 *(.glue_7)
 .glue_7        0x0000000008003698        0x0 linker stubs
 *(.glue_7t)
 .glue_7t       0x0000000008003698        0x0 linker stubs
 *(.eh_frame)
 .eh_frame      0x0000000008003698        0x0 c:/users/billa/appdata/roaming/code/user/globalstorage/bmd.stm32-for-vscode/@xpack-dev-tools/arm-none-eabi-gcc/12.2.1-1.2.1/.content/bin/../lib/gcc/arm-none-eabi/12.2.1/thumb/v7e-m+fp/hard/crtbegin.o
 *(.init)
 .init          0x0000000008003698        0x4 c:/users/billa/appdata/roaming/code/user/globalstorage/bmd.stm32-for-vscode/@xpack-dev-tools/arm-none-eabi-gcc/12.2.1-1.2.1/.content/bin/../lib/gcc/arm-none-eabi/12.2.1/thumb/v7e-m+fp/hard/crti.o
                0x0000000008003698                _init
 .init          0x000000000800369c        0x8 c:/users/billa/appdata/roaming/code/user/globalstorage/bmd.stm32-for-vscode/@xpack-dev-tools/arm-none-eabi-gcc/12.2.1-1.2.1/.content/bin/../lib/gcc/arm-none-eabi/12.2.1/thumb/v7e-m+fp/hard/crtn.o
 *(.fini)
 .fini          0x00000000080036a4        0x4 c:/users/billa/appdata/roaming/code/user/globalstorage/bmd.stm32-for-vscode/@xpack-dev-tools/arm-none-eabi-gcc/12.2.1-1.2.1/.content/bin/../lib/gcc/arm-none-eabi/12.2.1/thumb/v7e-m+fp/hard/crti.o
                0x00000000080036a4                _fini
 .fini          0x00000000080036a8        0x8 c:/users/billa/appdata/roaming/code/user/globalstorage/bmd.stm32-for-vscode/@xpack-dev-tools/arm-none-eabi-gcc/12.2.1-1.2.1/.content/bin/../lib/gcc/arm-none-eabi/12.2.1/thumb/v7e-m+fp/hard/crtn.o
                0x00000000080036b0                . = ALIGN (0x8)
                0x00000000080036b0                _etext = .

.vfp11_veneer   0x00000000080036b0        0x0
 .vfp11_veneer  0x00000000080036b0        0x0 linker stubs

.v4_bx          0x00000000080036b0        0x0
 .v4_bx         0x00000000080036b0        0x0 linker stubs

.iplt           0x00000000080036b0        0x0
 .iplt          0x00000000080036b0        0x0 c:/users/billa/appdata/roaming/code/user/globalstorage/bmd.stm32-for-vscode/@xpack-dev-tools/arm-none-eabi-gcc/12.2.1-1.2.1/.content/bin/../lib/gcc/arm-none-eabi/12.2.1/thumb/v7e-m+fp/hard/crtbegin.o

.rodata         0x00000000080036b0       0x48
                0x00000000080036b0                . = ALIGN (0x8)
 *(.rodata)
 *(.rodata*)
 .rodata.MSIRangeTable
                0x00000000080036b0       0x30 build/system_stm32l4xx.o
                0x00000000080036b0                MSIRangeTable
 .rodata.APBPrescTable
                0x00000000080036e0        0x8 build/system_stm32l4xx.o
                0x00000000080036e0                APBPrescTable
 .rodata.AHBPrescTable
                0x00000000080036e8       0x10 build/system_stm32l4xx.o
                0x00000000080036e8                AHBPrescTable
                0x00000000080036f8                . = ALIGN (0x8)

.ARM.extab      0x00000000080036f8        0x0
                0x00000000080036f8                . = ALIGN (0x8)
 *(.ARM.extab* .gnu.linkonce.armextab.*)
                0x00000000080036f8                . = ALIGN (0x8)

.ARM            0x00000000080036f8        0x8
                0x00000000080036f8                . = ALIGN (0x8)
                0x00000000080036f8                __exidx_start = .
 *(.ARM.exidx*)
 .ARM.exidx.text.__udivmoddi4
                0x00000000080036f8        0x8 c:/users/billa/appdata/roaming/code/user/globalstorage/bmd.stm32-for-vscode/@xpack-dev-tools/arm-none-eabi-gcc/12.2.1-1.2.1/.content/bin/../lib/gcc/arm-none-eabi/12.2.1/thumb/v7e-m+fp/hard\libgcc.a(_udivmoddi4.o)
                0x0000000008003700                __exidx_end = .
                0x0000000008003700                . = ALIGN (0x8)

.rel.dyn        0x0000000008003700        0x0
 .rel.iplt      0x0000000008003700        0x0 c:/users/billa/appdata/roaming/code/user/globalstorage/bmd.stm32-for-vscode/@xpack-dev-tools/arm-none-eabi-gcc/12.2.1-1.2.1/.content/bin/../lib/gcc/arm-none-eabi/12.2.1/thumb/v7e-m+fp/hard/crtbegin.o

.preinit_array  0x0000000008003700        0x0
                0x0000000008003700                . = ALIGN (0x8)
                0x0000000008003700                PROVIDE (__preinit_array_start = .)
 *(.preinit_array*)
                0x0000000008003700                PROVIDE (__preinit_array_end = .)
                0x0000000008003700                . = ALIGN (0x8)

.init_array     0x0000000008003700        0x8
                0x0000000008003700                . = ALIGN (0x8)
                0x0000000008003700                PROVIDE (__init_array_start = .)
 *(SORT_BY_NAME(.init_array.*))
 *(.init_array*)
 .init_array    0x0000000008003700        0x4 c:/users/billa/appdata/roaming/code/user/globalstorage/bmd.stm32-for-vscode/@xpack-dev-tools/arm-none-eabi-gcc/12.2.1-1.2.1/.content/bin/../lib/gcc/arm-none-eabi/12.2.1/thumb/v7e-m+fp/hard/crtbegin.o
                0x0000000008003704                PROVIDE (__init_array_end = .)
                0x0000000008003708                . = ALIGN (0x8)
 *fill*         0x0000000008003704        0x4 

.fini_array     0x0000000008003708        0x8
                0x0000000008003708                . = ALIGN (0x8)
                0x0000000008003708                PROVIDE (__fini_array_start = .)
 *(SORT_BY_NAME(.fini_array.*))
 *(.fini_array*)
 .fini_array    0x0000000008003708        0x4 c:/users/billa/appdata/roaming/code/user/globalstorage/bmd.stm32-for-vscode/@xpack-dev-tools/arm-none-eabi-gcc/12.2.1-1.2.1/.content/bin/../lib/gcc/arm-none-eabi/12.2.1/thumb/v7e-m+fp/hard/crtbegin.o
                0x000000000800370c                PROVIDE (__fini_array_end = .)
                0x0000000008003710                . = ALIGN (0x8)
 *fill*         0x000000000800370c        0x4 
                0x0000000008003710                _sidata = LOADADDR (.data)

.data           0x0000000020000000       0x10 load address 0x0000000008003710
                0x0000000020000000                . = ALIGN (0x8)
                0x0000000020000000                _sdata = .
 *(.data)
 *(.data*)
 .data.SystemCoreClock
                0x0000000020000000        0x4 build/system_stm32l4xx.o
                0x0000000020000000                SystemCoreClock
 .data.uwTickFreq
                0x0000000020000004        0x1 build/stm32l4xx_hal.o
                0x0000000020000004                uwTickFreq
 *fill*         0x0000000020000005        0x3 
 .data.uwTickPrio
                0x0000000020000008        0x4 build/stm32l4xx_hal.o
                0x0000000020000008                uwTickPrio
                0x0000000020000010                . = ALIGN (0x8)
 *fill*         0x000000002000000c        0x4 
                0x0000000020000010                _edata = .

.igot.plt       0x0000000020000010        0x0 load address 0x0000000008003720
 .igot.plt      0x0000000020000010        0x0 c:/users/billa/appdata/roaming/code/user/globalstorage/bmd.stm32-for-vscode/@xpack-dev-tools/arm-none-eabi-gcc/12.2.1-1.2.1/.content/bin/../lib/gcc/arm-none-eabi/12.2.1/thumb/v7e-m+fp/hard/crtbegin.o
                0x0000000020000010                . = ALIGN (0x4)

.bss            0x0000000020000010      0x2a0 load address 0x0000000008003720
                0x0000000020000010                _sbss = .
                0x0000000020000010                __bss_start__ = _sbss
 *(.bss)
 *(.bss*)
 .bss.completed.1
                0x0000000020000010        0x1 c:/users/billa/appdata/roaming/code/user/globalstorage/bmd.stm32-for-vscode/@xpack-dev-tools/arm-none-eabi-gcc/12.2.1-1.2.1/.content/bin/../lib/gcc/arm-none-eabi/12.2.1/thumb/v7e-m+fp/hard/crtbegin.o
 *fill*         0x0000000020000011        0x3 
 .bss.object.0  0x0000000020000014       0x18 c:/users/billa/appdata/roaming/code/user/globalstorage/bmd.stm32-for-vscode/@xpack-dev-tools/arm-none-eabi-gcc/12.2.1-1.2.1/.content/bin/../lib/gcc/arm-none-eabi/12.2.1/thumb/v7e-m+fp/hard/crtbegin.o
 .bss.hadc1     0x000000002000002c       0x64 build/adc.o
                0x000000002000002c                hadc1
 .bss.hi2c3     0x0000000020000090       0x54 build/i2c.o
                0x0000000020000090                hi2c3
 .bss.hspi1     0x00000000200000e4       0x64 build/spi.o
                0x00000000200000e4                hspi1
 .bss.hdma_tim2_ch1
                0x0000000020000148       0x48 build/tim.o
                0x0000000020000148                hdma_tim2_ch1
 .bss.htim2     0x0000000020000190       0x4c build/tim.o
                0x0000000020000190                htim2
 .bss.htim1     0x00000000200001dc       0x4c build/tim.o
                0x00000000200001dc                htim1
 .bss.huart2    0x0000000020000228       0x84 build/usart.o
                0x0000000020000228                huart2
 .bss.uwTick    0x00000000200002ac        0x4 build/stm32l4xx_hal.o
                0x00000000200002ac                uwTick
 *(COMMON)
                0x00000000200002b0                . = ALIGN (0x4)
                0x00000000200002b0                _ebss = .
                0x00000000200002b0                __bss_end__ = _ebss

._user_heap_stack
                0x00000000200002b0      0x600 load address 0x0000000008003720
                0x00000000200002b0                . = ALIGN (0x8)
                0x00000000200002b0                PROVIDE (end = .)
                [!provide]                        PROVIDE (_end = .)
                0x00000000200004b0                . = (. + _Min_Heap_Size)
 *fill*         0x00000000200002b0      0x200 
                0x00000000200008b0                . = (. + _Min_Stack_Size)
 *fill*         0x00000000200004b0      0x400 
                0x00000000200008b0                . = ALIGN (0x8)

/DISCARD/
 libc.a(*)
 libm.a(*)
 libgcc.a(*)

.ARM.attributes
                0x0000000000000000       0x30
 *(.ARM.attributes)
 .ARM.attributes
                0x0000000000000000       0x22 c:/users/billa/appdata/roaming/code/user/globalstorage/bmd.stm32-for-vscode/@xpack-dev-tools/arm-none-eabi-gcc/12.2.1-1.2.1/.content/bin/../lib/gcc/arm-none-eabi/12.2.1/thumb/v7e-m+fp/hard/crti.o
 .ARM.attributes
                0x0000000000000022       0x34 c:/users/billa/appdata/roaming/code/user/globalstorage/bmd.stm32-for-vscode/@xpack-dev-tools/arm-none-eabi-gcc/12.2.1-1.2.1/.content/bin/../lib/gcc/arm-none-eabi/12.2.1/thumb/v7e-m+fp/hard/crtbegin.o
 .ARM.attributes
                0x0000000000000056       0x34 build/adc.o
 .ARM.attributes
                0x000000000000008a       0x34 build/dma.o
 .ARM.attributes
                0x00000000000000be       0x34 build/gpio.o
 .ARM.attributes
                0x00000000000000f2       0x34 build/i2c.o
 .ARM.attributes
                0x0000000000000126       0x34 build/main.o
 .ARM.attributes
                0x000000000000015a       0x34 build/spi.o
 .ARM.attributes
                0x000000000000018e       0x34 build/stm32l4xx_hal_msp.o
 .ARM.attributes
                0x00000000000001c2       0x34 build/stm32l4xx_it.o
 .ARM.attributes
                0x00000000000001f6       0x34 build/system_stm32l4xx.o
 .ARM.attributes
                0x000000000000022a       0x34 build/tim.o
 .ARM.attributes
                0x000000000000025e       0x34 build/usart.o
 .ARM.attributes
                0x0000000000000292       0x34 build/stm32l4xx_hal.o
 .ARM.attributes
                0x00000000000002c6       0x34 build/stm32l4xx_hal_adc.o
 .ARM.attributes
                0x00000000000002fa       0x34 build/stm32l4xx_hal_adc_ex.o
 .ARM.attributes
                0x000000000000032e       0x34 build/stm32l4xx_hal_cortex.o
 .ARM.attributes
                0x0000000000000362       0x34 build/stm32l4xx_hal_dma.o
 .ARM.attributes
                0x0000000000000396       0x34 build/stm32l4xx_hal_gpio.o
 .ARM.attributes
                0x00000000000003ca       0x34 build/stm32l4xx_hal_i2c.o
 .ARM.attributes
                0x00000000000003fe       0x34 build/stm32l4xx_hal_i2c_ex.o
 .ARM.attributes
                0x0000000000000432       0x34 build/stm32l4xx_hal_pwr_ex.o
 .ARM.attributes
                0x0000000000000466       0x34 build/stm32l4xx_hal_rcc.o
 .ARM.attributes
                0x000000000000049a       0x34 build/stm32l4xx_hal_rcc_ex.o
 .ARM.attributes
                0x00000000000004ce       0x34 build/stm32l4xx_hal_spi.o
 .ARM.attributes
                0x0000000000000502       0x34 build/stm32l4xx_hal_tim.o
 .ARM.attributes
                0x0000000000000536       0x34 build/stm32l4xx_hal_tim_ex.o
 .ARM.attributes
                0x000000000000056a       0x34 build/stm32l4xx_hal_uart.o
 .ARM.attributes
                0x000000000000059e       0x21 build/startup_stm32l412xx.o
 .ARM.attributes
                0x00000000000005bf       0x34 c:/users/billa/appdata/roaming/code/user/globalstorage/bmd.stm32-for-vscode/@xpack-dev-tools/arm-none-eabi-gcc/12.2.1-1.2.1/.content/bin/../lib/gcc/arm-none-eabi/12.2.1/../../../../arm-none-eabi/lib/thumb/v7e-m+fp/hard\libc_nano.a(libc_a-memset.o)
 .ARM.attributes
                0x00000000000005f3       0x34 c:/users/billa/appdata/roaming/code/user/globalstorage/bmd.stm32-for-vscode/@xpack-dev-tools/arm-none-eabi-gcc/12.2.1-1.2.1/.content/bin/../lib/gcc/arm-none-eabi/12.2.1/../../../../arm-none-eabi/lib/thumb/v7e-m+fp/hard\libc_nano.a(libc_a-init.o)
 .ARM.attributes
                0x0000000000000627       0x22 c:/users/billa/appdata/roaming/code/user/globalstorage/bmd.stm32-for-vscode/@xpack-dev-tools/arm-none-eabi-gcc/12.2.1-1.2.1/.content/bin/../lib/gcc/arm-none-eabi/12.2.1/thumb/v7e-m+fp/hard\libgcc.a(_aeabi_uldivmod.o)
 .ARM.attributes
                0x0000000000000649       0x34 c:/users/billa/appdata/roaming/code/user/globalstorage/bmd.stm32-for-vscode/@xpack-dev-tools/arm-none-eabi-gcc/12.2.1-1.2.1/.content/bin/../lib/gcc/arm-none-eabi/12.2.1/thumb/v7e-m+fp/hard\libgcc.a(_udivmoddi4.o)
 .ARM.attributes
                0x000000000000067d       0x22 c:/users/billa/appdata/roaming/code/user/globalstorage/bmd.stm32-for-vscode/@xpack-dev-tools/arm-none-eabi-gcc/12.2.1-1.2.1/.content/bin/../lib/gcc/arm-none-eabi/12.2.1/thumb/v7e-m+fp/hard\libgcc.a(_dvmd_tls.o)
 .ARM.attributes
                0x000000000000069f       0x22 c:/users/billa/appdata/roaming/code/user/globalstorage/bmd.stm32-for-vscode/@xpack-dev-tools/arm-none-eabi-gcc/12.2.1-1.2.1/.content/bin/../lib/gcc/arm-none-eabi/12.2.1/thumb/v7e-m+fp/hard/crtn.o
OUTPUT(build/drone.elf elf32-littlearm)
LOAD linker stubs
LOAD c:/users/billa/appdata/roaming/code/user/globalstorage/bmd.stm32-for-vscode/@xpack-dev-tools/arm-none-eabi-gcc/12.2.1-1.2.1/.content/bin/../lib/gcc/arm-none-eabi/12.2.1/../../../../arm-none-eabi/lib/thumb/v7e-m+fp/hard\libc.a
LOAD c:/users/billa/appdata/roaming/code/user/globalstorage/bmd.stm32-for-vscode/@xpack-dev-tools/arm-none-eabi-gcc/12.2.1-1.2.1/.content/bin/../lib/gcc/arm-none-eabi/12.2.1/../../../../arm-none-eabi/lib/thumb/v7e-m+fp/hard\libm.a
LOAD c:/users/billa/appdata/roaming/code/user/globalstorage/bmd.stm32-for-vscode/@xpack-dev-tools/arm-none-eabi-gcc/12.2.1-1.2.1/.content/bin/../lib/gcc/arm-none-eabi/12.2.1/thumb/v7e-m+fp/hard\libgcc.a

.comment        0x0000000000000000       0x39
 .comment       0x0000000000000000       0x39 c:/users/billa/appdata/roaming/code/user/globalstorage/bmd.stm32-for-vscode/@xpack-dev-tools/arm-none-eabi-gcc/12.2.1-1.2.1/.content/bin/../lib/gcc/arm-none-eabi/12.2.1/thumb/v7e-m+fp/hard/crtbegin.o
                                         0x3a (size before relaxing)
 .comment       0x0000000000000039       0x3a build/adc.o
 .comment       0x0000000000000039       0x3a build/dma.o
 .comment       0x0000000000000039       0x3a build/gpio.o
 .comment       0x0000000000000039       0x3a build/i2c.o
 .comment       0x0000000000000039       0x3a build/main.o
 .comment       0x0000000000000039       0x3a build/spi.o
 .comment       0x0000000000000039       0x3a build/stm32l4xx_hal_msp.o
 .comment       0x0000000000000039       0x3a build/stm32l4xx_it.o
 .comment       0x0000000000000039       0x3a build/system_stm32l4xx.o
 .comment       0x0000000000000039       0x3a build/tim.o
 .comment       0x0000000000000039       0x3a build/usart.o
 .comment       0x0000000000000039       0x3a build/stm32l4xx_hal.o
 .comment       0x0000000000000039       0x3a build/stm32l4xx_hal_adc.o
 .comment       0x0000000000000039       0x3a build/stm32l4xx_hal_adc_ex.o
 .comment       0x0000000000000039       0x3a build/stm32l4xx_hal_cortex.o
 .comment       0x0000000000000039       0x3a build/stm32l4xx_hal_dma.o
 .comment       0x0000000000000039       0x3a build/stm32l4xx_hal_gpio.o
 .comment       0x0000000000000039       0x3a build/stm32l4xx_hal_i2c.o
 .comment       0x0000000000000039       0x3a build/stm32l4xx_hal_i2c_ex.o
 .comment       0x0000000000000039       0x3a build/stm32l4xx_hal_pwr_ex.o
 .comment       0x0000000000000039       0x3a build/stm32l4xx_hal_rcc.o
 .comment       0x0000000000000039       0x3a build/stm32l4xx_hal_rcc_ex.o
 .comment       0x0000000000000039       0x3a build/stm32l4xx_hal_spi.o
 .comment       0x0000000000000039       0x3a build/stm32l4xx_hal_tim.o
 .comment       0x0000000000000039       0x3a build/stm32l4xx_hal_tim_ex.o
 .comment       0x0000000000000039       0x3a build/stm32l4xx_hal_uart.o
 .comment       0x0000000000000039       0x3a c:/users/billa/appdata/roaming/code/user/globalstorage/bmd.stm32-for-vscode/@xpack-dev-tools/arm-none-eabi-gcc/12.2.1-1.2.1/.content/bin/../lib/gcc/arm-none-eabi/12.2.1/../../../../arm-none-eabi/lib/thumb/v7e-m+fp/hard\libc_nano.a(libc_a-memset.o)
 .comment       0x0000000000000039       0x3a c:/users/billa/appdata/roaming/code/user/globalstorage/bmd.stm32-for-vscode/@xpack-dev-tools/arm-none-eabi-gcc/12.2.1-1.2.1/.content/bin/../lib/gcc/arm-none-eabi/12.2.1/../../../../arm-none-eabi/lib/thumb/v7e-m+fp/hard\libc_nano.a(libc_a-init.o)
 .comment       0x0000000000000039       0x3a c:/users/billa/appdata/roaming/code/user/globalstorage/bmd.stm32-for-vscode/@xpack-dev-tools/arm-none-eabi-gcc/12.2.1-1.2.1/.content/bin/../lib/gcc/arm-none-eabi/12.2.1/thumb/v7e-m+fp/hard\libgcc.a(_udivmoddi4.o)

.debug_info     0x0000000000000000    0x2247c
 .debug_info    0x0000000000000000      0xcf5 build/adc.o
 .debug_info    0x0000000000000cf5      0x4a5 build/dma.o
 .debug_info    0x000000000000119a      0x4e1 build/gpio.o
 .debug_info    0x000000000000167b      0xcae build/i2c.o
 .debug_info    0x0000000000002329      0x510 build/main.o
 .debug_info    0x0000000000002839      0x9d5 build/spi.o
 .debug_info    0x000000000000320e      0x2c1 build/stm32l4xx_hal_msp.o
 .debug_info    0x00000000000034cf      0x382 build/stm32l4xx_it.o
 .debug_info    0x0000000000003851      0x5d9 build/system_stm32l4xx.o
 .debug_info    0x0000000000003e2a     0x1128 build/tim.o
 .debug_info    0x0000000000004f52      0xc64 build/usart.o
 .debug_info    0x0000000000005bb6      0xa29 build/stm32l4xx_hal.o
 .debug_info    0x00000000000065df     0x329a build/stm32l4xx_hal_adc.o
 .debug_info    0x0000000000009879     0x2bbf build/stm32l4xx_hal_adc_ex.o
 .debug_info    0x000000000000c438      0xee7 build/stm32l4xx_hal_cortex.o
 .debug_info    0x000000000000d31f      0x7fc build/stm32l4xx_hal_dma.o
 .debug_info    0x000000000000db1b      0x789 build/stm32l4xx_hal_gpio.o
 .debug_info    0x000000000000e2a4     0x3fe1 build/stm32l4xx_hal_i2c.o
 .debug_info    0x0000000000012285      0x9aa build/stm32l4xx_hal_i2c_ex.o
 .debug_info    0x0000000000012c2f      0xa0d build/stm32l4xx_hal_pwr_ex.o
 .debug_info    0x000000000001363c      0xe88 build/stm32l4xx_hal_rcc.o
 .debug_info    0x00000000000144c4      0xe9c build/stm32l4xx_hal_rcc_ex.o
 .debug_info    0x0000000000015360     0x206a build/stm32l4xx_hal_spi.o
 .debug_info    0x00000000000173ca     0x3c88 build/stm32l4xx_hal_tim.o
 .debug_info    0x000000000001b052     0x1ccc build/stm32l4xx_hal_tim_ex.o
 .debug_info    0x000000000001cd1e     0x4fd6 build/stm32l4xx_hal_uart.o
 .debug_info    0x0000000000021cf4       0x2e build/startup_stm32l412xx.o
 .debug_info    0x0000000000021d22       0x24 c:/users/billa/appdata/roaming/code/user/globalstorage/bmd.stm32-for-vscode/@xpack-dev-tools/arm-none-eabi-gcc/12.2.1-1.2.1/.content/bin/../lib/gcc/arm-none-eabi/12.2.1/thumb/v7e-m+fp/hard\libgcc.a(_aeabi_uldivmod.o)
 .debug_info    0x0000000000021d46      0x6fd c:/users/billa/appdata/roaming/code/user/globalstorage/bmd.stm32-for-vscode/@xpack-dev-tools/arm-none-eabi-gcc/12.2.1-1.2.1/.content/bin/../lib/gcc/arm-none-eabi/12.2.1/thumb/v7e-m+fp/hard\libgcc.a(_udivmoddi4.o)
 .debug_info    0x0000000000022443       0x39 c:/users/billa/appdata/roaming/code/user/globalstorage/bmd.stm32-for-vscode/@xpack-dev-tools/arm-none-eabi-gcc/12.2.1-1.2.1/.content/bin/../lib/gcc/arm-none-eabi/12.2.1/thumb/v7e-m+fp/hard\libgcc.a(_dvmd_tls.o)

.debug_abbrev   0x0000000000000000     0x3b04
 .debug_abbrev  0x0000000000000000      0x20b build/adc.o
 .debug_abbrev  0x000000000000020b      0x119 build/dma.o
 .debug_abbrev  0x0000000000000324      0x164 build/gpio.o
 .debug_abbrev  0x0000000000000488      0x228 build/i2c.o
 .debug_abbrev  0x00000000000006b0      0x1f9 build/main.o
 .debug_abbrev  0x00000000000008a9      0x211 build/spi.o
 .debug_abbrev  0x0000000000000aba       0xc4 build/stm32l4xx_hal_msp.o
 .debug_abbrev  0x0000000000000b7e      0x177 build/stm32l4xx_it.o
 .debug_abbrev  0x0000000000000cf5      0x11e build/system_stm32l4xx.o
 .debug_abbrev  0x0000000000000e13      0x265 build/tim.o
 .debug_abbrev  0x0000000000001078      0x20b build/usart.o
 .debug_abbrev  0x0000000000001283      0x285 build/stm32l4xx_hal.o
 .debug_abbrev  0x0000000000001508      0x2ff build/stm32l4xx_hal_adc.o
 .debug_abbrev  0x0000000000001807      0x396 build/stm32l4xx_hal_adc_ex.o
 .debug_abbrev  0x0000000000001b9d      0x39b build/stm32l4xx_hal_cortex.o
 .debug_abbrev  0x0000000000001f38      0x21d build/stm32l4xx_hal_dma.o
 .debug_abbrev  0x0000000000002155      0x1f9 build/stm32l4xx_hal_gpio.o
 .debug_abbrev  0x000000000000234e      0x294 build/stm32l4xx_hal_i2c.o
 .debug_abbrev  0x00000000000025e2      0x1c7 build/stm32l4xx_hal_i2c_ex.o
 .debug_abbrev  0x00000000000027a9      0x215 build/stm32l4xx_hal_pwr_ex.o
 .debug_abbrev  0x00000000000029be      0x2ab build/stm32l4xx_hal_rcc.o
 .debug_abbrev  0x0000000000002c69      0x283 build/stm32l4xx_hal_rcc_ex.o
 .debug_abbrev  0x0000000000002eec      0x27d build/stm32l4xx_hal_spi.o
 .debug_abbrev  0x0000000000003169      0x271 build/stm32l4xx_hal_tim.o
 .debug_abbrev  0x00000000000033da      0x26f build/stm32l4xx_hal_tim_ex.o
 .debug_abbrev  0x0000000000003649      0x301 build/stm32l4xx_hal_uart.o
 .debug_abbrev  0x000000000000394a       0x1d build/startup_stm32l412xx.o
 .debug_abbrev  0x0000000000003967       0x14 c:/users/billa/appdata/roaming/code/user/globalstorage/bmd.stm32-for-vscode/@xpack-dev-tools/arm-none-eabi-gcc/12.2.1-1.2.1/.content/bin/../lib/gcc/arm-none-eabi/12.2.1/thumb/v7e-m+fp/hard\libgcc.a(_aeabi_uldivmod.o)
 .debug_abbrev  0x000000000000397b      0x16a c:/users/billa/appdata/roaming/code/user/globalstorage/bmd.stm32-for-vscode/@xpack-dev-tools/arm-none-eabi-gcc/12.2.1-1.2.1/.content/bin/../lib/gcc/arm-none-eabi/12.2.1/thumb/v7e-m+fp/hard\libgcc.a(_udivmoddi4.o)
 .debug_abbrev  0x0000000000003ae5       0x1f c:/users/billa/appdata/roaming/code/user/globalstorage/bmd.stm32-for-vscode/@xpack-dev-tools/arm-none-eabi-gcc/12.2.1-1.2.1/.content/bin/../lib/gcc/arm-none-eabi/12.2.1/thumb/v7e-m+fp/hard\libgcc.a(_dvmd_tls.o)

.debug_loclists
                0x0000000000000000    0x11be2
 .debug_loclists
                0x0000000000000000       0x5c build/adc.o
 .debug_loclists
                0x000000000000005c       0x6d build/i2c.o
 .debug_loclists
                0x00000000000000c9       0x5c build/spi.o
 .debug_loclists
                0x0000000000000125       0xb5 build/system_stm32l4xx.o
 .debug_loclists
                0x00000000000001da       0x94 build/tim.o
 .debug_loclists
                0x000000000000026e       0x6d build/usart.o
 .debug_loclists
                0x00000000000002db      0x11b build/stm32l4xx_hal.o
 .debug_loclists
                0x00000000000003f6     0x17cb build/stm32l4xx_hal_adc.o
 .debug_loclists
                0x0000000000001bc1     0x158f build/stm32l4xx_hal_adc_ex.o
 .debug_loclists
                0x0000000000003150      0x439 build/stm32l4xx_hal_cortex.o
 .debug_loclists
                0x0000000000003589      0x4e5 build/stm32l4xx_hal_dma.o
 .debug_loclists
                0x0000000000003a6e      0x267 build/stm32l4xx_hal_gpio.o
 .debug_loclists
                0x0000000000003cd5     0x3111 build/stm32l4xx_hal_i2c.o
 .debug_loclists
                0x0000000000006de6      0x11d build/stm32l4xx_hal_i2c_ex.o
 .debug_loclists
                0x0000000000006f03      0x44e build/stm32l4xx_hal_pwr_ex.o
 .debug_loclists
                0x0000000000007351      0x59b build/stm32l4xx_hal_rcc.o
 .debug_loclists
                0x00000000000078ec      0x9d0 build/stm32l4xx_hal_rcc_ex.o
 .debug_loclists
                0x00000000000082bc     0x1567 build/stm32l4xx_hal_spi.o
 .debug_loclists
                0x0000000000009823     0x360f build/stm32l4xx_hal_tim.o
 .debug_loclists
                0x000000000000ce32     0x1725 build/stm32l4xx_hal_tim_ex.o
 .debug_loclists
                0x000000000000e557     0x2cce build/stm32l4xx_hal_uart.o
 .debug_loclists
                0x0000000000011225      0x9bd c:/users/billa/appdata/roaming/code/user/globalstorage/bmd.stm32-for-vscode/@xpack-dev-tools/arm-none-eabi-gcc/12.2.1-1.2.1/.content/bin/../lib/gcc/arm-none-eabi/12.2.1/thumb/v7e-m+fp/hard\libgcc.a(_udivmoddi4.o)

.debug_aranges  0x0000000000000000     0x1668
 .debug_aranges
                0x0000000000000000       0x30 build/adc.o
 .debug_aranges
                0x0000000000000030       0x20 build/dma.o
 .debug_aranges
                0x0000000000000050       0x20 build/gpio.o
 .debug_aranges
                0x0000000000000070       0x30 build/i2c.o
 .debug_aranges
                0x00000000000000a0       0x30 build/main.o
 .debug_aranges
                0x00000000000000d0       0x30 build/spi.o
 .debug_aranges
                0x0000000000000100       0x20 build/stm32l4xx_hal_msp.o
 .debug_aranges
                0x0000000000000120       0x68 build/stm32l4xx_it.o
 .debug_aranges
                0x0000000000000188       0x28 build/system_stm32l4xx.o
 .debug_aranges
                0x00000000000001b0       0x40 build/tim.o
 .debug_aranges
                0x00000000000001f0       0x30 build/usart.o
 .debug_aranges
                0x0000000000000220      0x108 build/stm32l4xx_hal.o
 .debug_aranges
                0x0000000000000328      0x110 build/stm32l4xx_hal_adc.o
 .debug_aranges
                0x0000000000000438      0x100 build/stm32l4xx_hal_adc_ex.o
 .debug_aranges
                0x0000000000000538       0xe0 build/stm32l4xx_hal_cortex.o
 .debug_aranges
                0x0000000000000618       0x80 build/stm32l4xx_hal_dma.o
 .debug_aranges
                0x0000000000000698       0x58 build/stm32l4xx_hal_gpio.o
 .debug_aranges
                0x00000000000006f0      0x2a0 build/stm32l4xx_hal_i2c.o
 .debug_aranges
                0x0000000000000990       0x48 build/stm32l4xx_hal_i2c_ex.o
 .debug_aranges
                0x00000000000009d8      0x148 build/stm32l4xx_hal_pwr_ex.o
 .debug_aranges
                0x0000000000000b20       0x90 build/stm32l4xx_hal_rcc.o
 .debug_aranges
                0x0000000000000bb0       0xd0 build/stm32l4xx_hal_rcc_ex.o
 .debug_aranges
                0x0000000000000c80      0x1d8 build/stm32l4xx_hal_spi.o
 .debug_aranges
                0x0000000000000e58      0x3e0 build/stm32l4xx_hal_tim.o
 .debug_aranges
                0x0000000000001238      0x180 build/stm32l4xx_hal_tim_ex.o
 .debug_aranges
                0x00000000000013b8      0x228 build/stm32l4xx_hal_uart.o
 .debug_aranges
                0x00000000000015e0       0x28 build/startup_stm32l412xx.o
 .debug_aranges
                0x0000000000001608       0x20 c:/users/billa/appdata/roaming/code/user/globalstorage/bmd.stm32-for-vscode/@xpack-dev-tools/arm-none-eabi-gcc/12.2.1-1.2.1/.content/bin/../lib/gcc/arm-none-eabi/12.2.1/thumb/v7e-m+fp/hard\libgcc.a(_aeabi_uldivmod.o)
 .debug_aranges
                0x0000000000001628       0x20 c:/users/billa/appdata/roaming/code/user/globalstorage/bmd.stm32-for-vscode/@xpack-dev-tools/arm-none-eabi-gcc/12.2.1-1.2.1/.content/bin/../lib/gcc/arm-none-eabi/12.2.1/thumb/v7e-m+fp/hard\libgcc.a(_udivmoddi4.o)
 .debug_aranges
                0x0000000000001648       0x20 c:/users/billa/appdata/roaming/code/user/globalstorage/bmd.stm32-for-vscode/@xpack-dev-tools/arm-none-eabi-gcc/12.2.1-1.2.1/.content/bin/../lib/gcc/arm-none-eabi/12.2.1/thumb/v7e-m+fp/hard\libgcc.a(_dvmd_tls.o)

.debug_rnglists
                0x0000000000000000     0x1305
 .debug_rnglists
                0x0000000000000000       0x20 build/adc.o
 .debug_rnglists
                0x0000000000000020       0x13 build/dma.o
 .debug_rnglists
                0x0000000000000033       0x14 build/gpio.o
 .debug_rnglists
                0x0000000000000047       0x20 build/i2c.o
 .debug_rnglists
                0x0000000000000067       0x1f build/main.o
 .debug_rnglists
                0x0000000000000086       0x1f build/spi.o
 .debug_rnglists
                0x00000000000000a5       0x13 build/stm32l4xx_hal_msp.o
 .debug_rnglists
                0x00000000000000b8       0x49 build/stm32l4xx_it.o
 .debug_rnglists
                0x0000000000000101       0x1a build/system_stm32l4xx.o
 .debug_rnglists
                0x000000000000011b       0x2f build/tim.o
 .debug_rnglists
                0x000000000000014a       0x20 build/usart.o
 .debug_rnglists
                0x000000000000016a       0xc1 build/stm32l4xx_hal.o
 .debug_rnglists
                0x000000000000022b      0x1ba build/stm32l4xx_hal_adc.o
 .debug_rnglists
                0x00000000000003e5      0x149 build/stm32l4xx_hal_adc_ex.o
 .debug_rnglists
                0x000000000000052e       0xa3 build/stm32l4xx_hal_cortex.o
 .debug_rnglists
                0x00000000000005d1       0x5f build/stm32l4xx_hal_dma.o
 .debug_rnglists
                0x0000000000000630       0x3f build/stm32l4xx_hal_gpio.o
 .debug_rnglists
                0x000000000000066f      0x21b build/stm32l4xx_hal_i2c.o
 .debug_rnglists
                0x000000000000088a       0x31 build/stm32l4xx_hal_i2c_ex.o
 .debug_rnglists
                0x00000000000008bb       0xf5 build/stm32l4xx_hal_pwr_ex.o
 .debug_rnglists
                0x00000000000009b0       0x8f build/stm32l4xx_hal_rcc.o
 .debug_rnglists
                0x0000000000000a3f       0xaa build/stm32l4xx_hal_rcc_ex.o
 .debug_rnglists
                0x0000000000000ae9      0x171 build/stm32l4xx_hal_spi.o
 .debug_rnglists
                0x0000000000000c5a      0x30d build/stm32l4xx_hal_tim.o
 .debug_rnglists
                0x0000000000000f67      0x12e build/stm32l4xx_hal_tim_ex.o
 .debug_rnglists
                0x0000000000001095      0x1bc build/stm32l4xx_hal_uart.o
 .debug_rnglists
                0x0000000000001251       0x19 build/startup_stm32l412xx.o
 .debug_rnglists
                0x000000000000126a       0x9b c:/users/billa/appdata/roaming/code/user/globalstorage/bmd.stm32-for-vscode/@xpack-dev-tools/arm-none-eabi-gcc/12.2.1-1.2.1/.content/bin/../lib/gcc/arm-none-eabi/12.2.1/thumb/v7e-m+fp/hard\libgcc.a(_udivmoddi4.o)

.debug_line     0x0000000000000000    0x1fa47
 .debug_line    0x0000000000000000      0x416 build/adc.o
 .debug_line    0x0000000000000416      0x227 build/dma.o
 .debug_line    0x000000000000063d      0x295 build/gpio.o
 .debug_line    0x00000000000008d2      0x425 build/i2c.o
 .debug_line    0x0000000000000cf7      0x40b build/main.o
 .debug_line    0x0000000000001102      0x395 build/spi.o
 .debug_line    0x0000000000001497      0x1fe build/stm32l4xx_hal_msp.o
 .debug_line    0x0000000000001695      0x35c build/stm32l4xx_it.o
 .debug_line    0x00000000000019f1      0x339 build/system_stm32l4xx.o
 .debug_line    0x0000000000001d2a      0x665 build/tim.o
 .debug_line    0x000000000000238f      0x3f4 build/usart.o
 .debug_line    0x0000000000002783      0x694 build/stm32l4xx_hal.o
 .debug_line    0x0000000000002e17     0x24a7 build/stm32l4xx_hal_adc.o
 .debug_line    0x00000000000052be     0x1eb2 build/stm32l4xx_hal_adc_ex.o
 .debug_line    0x0000000000007170      0x8b6 build/stm32l4xx_hal_cortex.o
 .debug_line    0x0000000000007a26      0xac1 build/stm32l4xx_hal_dma.o
 .debug_line    0x00000000000084e7      0x724 build/stm32l4xx_hal_gpio.o
 .debug_line    0x0000000000008c0b     0x4f3d build/stm32l4xx_hal_i2c.o
 .debug_line    0x000000000000db48      0x595 build/stm32l4xx_hal_i2c_ex.o
 .debug_line    0x000000000000e0dd      0x9ef build/stm32l4xx_hal_pwr_ex.o
 .debug_line    0x000000000000eacc     0x1059 build/stm32l4xx_hal_rcc.o
 .debug_line    0x000000000000fb25      0xe8b build/stm32l4xx_hal_rcc_ex.o
 .debug_line    0x00000000000109b0     0x29bc build/stm32l4xx_hal_spi.o
 .debug_line    0x000000000001336c     0x4dce build/stm32l4xx_hal_tim.o
 .debug_line    0x000000000001813a     0x1f68 build/stm32l4xx_hal_tim_ex.o
 .debug_line    0x000000000001a0a2     0x52e2 build/stm32l4xx_hal_uart.o
 .debug_line    0x000000000001f384       0x76 build/startup_stm32l412xx.o
 .debug_line    0x000000000001f3fa       0x4e c:/users/billa/appdata/roaming/code/user/globalstorage/bmd.stm32-for-vscode/@xpack-dev-tools/arm-none-eabi-gcc/12.2.1-1.2.1/.content/bin/../lib/gcc/arm-none-eabi/12.2.1/thumb/v7e-m+fp/hard\libgcc.a(_aeabi_uldivmod.o)
 .debug_line    0x000000000001f448      0x5b5 c:/users/billa/appdata/roaming/code/user/globalstorage/bmd.stm32-for-vscode/@xpack-dev-tools/arm-none-eabi-gcc/12.2.1-1.2.1/.content/bin/../lib/gcc/arm-none-eabi/12.2.1/thumb/v7e-m+fp/hard\libgcc.a(_udivmoddi4.o)
 .debug_line    0x000000000001f9fd       0x4a c:/users/billa/appdata/roaming/code/user/globalstorage/bmd.stm32-for-vscode/@xpack-dev-tools/arm-none-eabi-gcc/12.2.1-1.2.1/.content/bin/../lib/gcc/arm-none-eabi/12.2.1/thumb/v7e-m+fp/hard\libgcc.a(_dvmd_tls.o)

.debug_str      0x0000000000000000     0x74a9
 .debug_str     0x0000000000000000      0x806 build/adc.o
                                        0x90b (size before relaxing)
 .debug_str     0x0000000000000806      0x3db build/dma.o
                                        0x6a4 (size before relaxing)
 .debug_str     0x0000000000000be1       0x59 build/gpio.o
                                        0x3a7 (size before relaxing)
 .debug_str     0x0000000000000c3a      0x470 build/i2c.o
                                        0xa33 (size before relaxing)
 .debug_str     0x00000000000010aa      0x223 build/main.o
                                        0x46d (size before relaxing)
 .debug_str     0x00000000000012cd      0x1ff build/spi.o
                                        0x7d4 (size before relaxing)
 .debug_str     0x00000000000014cc       0x29 build/stm32l4xx_hal_msp.o
                                        0x2e8 (size before relaxing)
 .debug_str     0x00000000000014f5       0xee build/stm32l4xx_it.o
                                        0x43b (size before relaxing)
 .debug_str     0x00000000000015e3       0xef build/system_stm32l4xx.o
                                        0x3b9 (size before relaxing)
 .debug_str     0x00000000000016d2      0x5d3 build/tim.o
                                        0xbf2 (size before relaxing)
 .debug_str     0x0000000000001ca5      0x1e0 build/usart.o
                                        0x956 (size before relaxing)
 .debug_str     0x0000000000001e85      0x3b5 build/stm32l4xx_hal.o
                                        0xab9 (size before relaxing)
 .debug_str     0x000000000000223a      0x9ac build/stm32l4xx_hal_adc.o
                                       0x1146 (size before relaxing)
 .debug_str     0x0000000000002be6      0x585 build/stm32l4xx_hal_adc_ex.o
                                       0x112f (size before relaxing)
 .debug_str     0x000000000000316b      0x42e build/stm32l4xx_hal_cortex.o
                                        0xab6 (size before relaxing)
 .debug_str     0x0000000000003599      0x216 build/stm32l4xx_hal_dma.o
                                        0x622 (size before relaxing)
 .debug_str     0x00000000000037af       0xfb build/stm32l4xx_hal_gpio.o
                                        0x51b (size before relaxing)
 .debug_str     0x00000000000038aa      0x89b build/stm32l4xx_hal_i2c.o
                                        0xfbb (size before relaxing)
 .debug_str     0x0000000000004145       0xb5 build/stm32l4xx_hal_i2c_ex.o
                                        0x8f0 (size before relaxing)
 .debug_str     0x00000000000041fa      0x507 build/stm32l4xx_hal_pwr_ex.o
                                        0x7f0 (size before relaxing)
 .debug_str     0x0000000000004701      0x218 build/stm32l4xx_hal_rcc.o
                                        0x841 (size before relaxing)
 .debug_str     0x0000000000004919      0x3da build/stm32l4xx_hal_rcc_ex.o
                                        0xa2f (size before relaxing)
 .debug_str     0x0000000000004cf3      0x554 build/stm32l4xx_hal_spi.o
                                        0xbc0 (size before relaxing)
 .debug_str     0x0000000000005247      0xe36 build/stm32l4xx_hal_tim.o
                                       0x16e8 (size before relaxing)
 .debug_str     0x000000000000607d      0x4fd build/stm32l4xx_hal_tim_ex.o
                                       0x100c (size before relaxing)
 .debug_str     0x000000000000657a      0x78d build/stm32l4xx_hal_uart.o
                                        0xfcc (size before relaxing)
 .debug_str     0x0000000000006d07       0x32 build/startup_stm32l412xx.o
                                         0x5d (size before relaxing)
 .debug_str     0x0000000000006d39      0x112 c:/users/billa/appdata/roaming/code/user/globalstorage/bmd.stm32-for-vscode/@xpack-dev-tools/arm-none-eabi-gcc/12.2.1-1.2.1/.content/bin/../lib/gcc/arm-none-eabi/12.2.1/thumb/v7e-m+fp/hard\libgcc.a(_aeabi_uldivmod.o)
                                        0x120 (size before relaxing)
 .debug_str     0x0000000000006e4b      0x5d3 c:/users/billa/appdata/roaming/code/user/globalstorage/bmd.stm32-for-vscode/@xpack-dev-tools/arm-none-eabi-gcc/12.2.1-1.2.1/.content/bin/../lib/gcc/arm-none-eabi/12.2.1/thumb/v7e-m+fp/hard\libgcc.a(_udivmoddi4.o)
                                        0x72a (size before relaxing)
 .debug_str     0x000000000000741e       0x8b c:/users/billa/appdata/roaming/code/user/globalstorage/bmd.stm32-for-vscode/@xpack-dev-tools/arm-none-eabi-gcc/12.2.1-1.2.1/.content/bin/../lib/gcc/arm-none-eabi/12.2.1/thumb/v7e-m+fp/hard\libgcc.a(_dvmd_tls.o)
                                        0x140 (size before relaxing)

.debug_frame    0x0000000000000000     0x3c2c
 .debug_frame   0x0000000000000000       0x68 build/adc.o
 .debug_frame   0x0000000000000068       0x2c build/dma.o
 .debug_frame   0x0000000000000094       0x34 build/gpio.o
 .debug_frame   0x00000000000000c8       0x68 build/i2c.o
 .debug_frame   0x0000000000000130       0x58 build/main.o
 .debug_frame   0x0000000000000188       0x60 build/spi.o
 .debug_frame   0x00000000000001e8       0x28 build/stm32l4xx_hal_msp.o
 .debug_frame   0x0000000000000210       0xc0 build/stm32l4xx_it.o
 .debug_frame   0x00000000000002d0       0x30 build/system_stm32l4xx.o
 .debug_frame   0x0000000000000300       0xac build/tim.o
 .debug_frame   0x00000000000003ac       0x64 build/usart.o
 .debug_frame   0x0000000000000410      0x21c build/stm32l4xx_hal.o
 .debug_frame   0x000000000000062c      0x320 build/stm32l4xx_hal_adc.o
 .debug_frame   0x000000000000094c      0x2f0 build/stm32l4xx_hal_adc_ex.o
 .debug_frame   0x0000000000000c3c      0x1e4 build/stm32l4xx_hal_cortex.o
 .debug_frame   0x0000000000000e20      0x150 build/stm32l4xx_hal_dma.o
 .debug_frame   0x0000000000000f70       0xd0 build/stm32l4xx_hal_gpio.o
 .debug_frame   0x0000000000001040      0x978 build/stm32l4xx_hal_i2c.o
 .debug_frame   0x00000000000019b8       0x80 build/stm32l4xx_hal_i2c_ex.o
 .debug_frame   0x0000000000001a38      0x288 build/stm32l4xx_hal_pwr_ex.o
 .debug_frame   0x0000000000001cc0      0x19c build/stm32l4xx_hal_rcc.o
 .debug_frame   0x0000000000001e5c      0x1e0 build/stm32l4xx_hal_rcc_ex.o
 .debug_frame   0x000000000000203c      0x5d8 build/stm32l4xx_hal_spi.o
 .debug_frame   0x0000000000002614      0xb44 build/stm32l4xx_hal_tim.o
 .debug_frame   0x0000000000003158      0x474 build/stm32l4xx_hal_tim_ex.o
 .debug_frame   0x00000000000035cc      0x600 build/stm32l4xx_hal_uart.o
 .debug_frame   0x0000000000003bcc       0x2c c:/users/billa/appdata/roaming/code/user/globalstorage/bmd.stm32-for-vscode/@xpack-dev-tools/arm-none-eabi-gcc/12.2.1-1.2.1/.content/bin/../lib/gcc/arm-none-eabi/12.2.1/thumb/v7e-m+fp/hard\libgcc.a(_aeabi_uldivmod.o)
 .debug_frame   0x0000000000003bf8       0x34 c:/users/billa/appdata/roaming/code/user/globalstorage/bmd.stm32-for-vscode/@xpack-dev-tools/arm-none-eabi-gcc/12.2.1-1.2.1/.content/bin/../lib/gcc/arm-none-eabi/12.2.1/thumb/v7e-m+fp/hard\libgcc.a(_udivmoddi4.o)

.debug_line_str
                0x0000000000000000      0x15f
 .debug_line_str
                0x0000000000000000       0x41 build/startup_stm32l412xx.o
 .debug_line_str
                0x0000000000000041      0x112 c:/users/billa/appdata/roaming/code/user/globalstorage/bmd.stm32-for-vscode/@xpack-dev-tools/arm-none-eabi-gcc/12.2.1-1.2.1/.content/bin/../lib/gcc/arm-none-eabi/12.2.1/thumb/v7e-m+fp/hard\libgcc.a(_aeabi_uldivmod.o)
 .debug_line_str
                0x0000000000000153        0xc c:/users/billa/appdata/roaming/code/user/globalstorage/bmd.stm32-for-vscode/@xpack-dev-tools/arm-none-eabi-gcc/12.2.1-1.2.1/.content/bin/../lib/gcc/arm-none-eabi/12.2.1/thumb/v7e-m+fp/hard\libgcc.a(_dvmd_tls.o)
                                        0x116 (size before relaxing)

Cross Reference Table

Symbol                                            File
ADC1_2_IRQHandler                                 build/startup_stm32l412xx.o
ADC_ConversionStop                                build/stm32l4xx_hal_adc.o
                                                  build/stm32l4xx_hal_adc_ex.o
ADC_DMAConvCplt                                   build/stm32l4xx_hal_adc.o
                                                  build/stm32l4xx_hal_adc_ex.o
ADC_DMAError                                      build/stm32l4xx_hal_adc.o
                                                  build/stm32l4xx_hal_adc_ex.o
ADC_DMAHalfConvCplt                               build/stm32l4xx_hal_adc.o
                                                  build/stm32l4xx_hal_adc_ex.o
ADC_Disable                                       build/stm32l4xx_hal_adc.o
                                                  build/stm32l4xx_hal_adc_ex.o
ADC_Enable                                        build/stm32l4xx_hal_adc.o
                                                  build/stm32l4xx_hal_adc_ex.o
AHBPrescTable                                     build/system_stm32l4xx.o
                                                  build/stm32l4xx_hal_rcc.o
APBPrescTable                                     build/system_stm32l4xx.o
                                                  build/stm32l4xx_hal_rcc.o
BusFault_Handler                                  build/stm32l4xx_it.o
COMP_IRQHandler                                   build/startup_stm32l412xx.o
CRS_IRQHandler                                    build/startup_stm32l412xx.o
DMA1_Channel1_IRQHandler                          build/startup_stm32l412xx.o
DMA1_Channel2_IRQHandler                          build/startup_stm32l412xx.o
DMA1_Channel3_IRQHandler                          build/startup_stm32l412xx.o
DMA1_Channel4_IRQHandler                          build/startup_stm32l412xx.o
DMA1_Channel5_IRQHandler                          build/stm32l4xx_it.o
DMA1_Channel6_IRQHandler                          build/startup_stm32l412xx.o
DMA1_Channel7_IRQHandler                          build/startup_stm32l412xx.o
DMA2_Channel1_IRQHandler                          build/startup_stm32l412xx.o
DMA2_Channel2_IRQHandler                          build/startup_stm32l412xx.o
DMA2_Channel3_IRQHandler                          build/startup_stm32l412xx.o
DMA2_Channel4_IRQHandler                          build/startup_stm32l412xx.o
DMA2_Channel5_IRQHandler                          build/startup_stm32l412xx.o
DMA2_Channel6_IRQHandler                          build/startup_stm32l412xx.o
DMA2_Channel7_IRQHandler                          build/startup_stm32l412xx.o
DebugMon_Handler                                  build/stm32l4xx_it.o
Default_Handler                                   build/startup_stm32l412xx.o
EXTI0_IRQHandler                                  build/startup_stm32l412xx.o
EXTI15_10_IRQHandler                              build/startup_stm32l412xx.o
EXTI1_IRQHandler                                  build/startup_stm32l412xx.o
EXTI2_IRQHandler                                  build/startup_stm32l412xx.o
EXTI3_IRQHandler                                  build/startup_stm32l412xx.o
EXTI4_IRQHandler                                  build/startup_stm32l412xx.o
EXTI9_5_IRQHandler                                build/startup_stm32l412xx.o
Error_Handler                                     build/main.o
                                                  build/usart.o
                                                  build/tim.o
                                                  build/spi.o
                                                  build/i2c.o
                                                  build/adc.o
FLASH_FlushCaches                                 build/stm32l4xx_hal_flash_ex.o
                                                  build/stm32l4xx_hal_flash.o
FLASH_IRQHandler                                  build/startup_stm32l412xx.o
FLASH_PageErase                                   build/stm32l4xx_hal_flash_ex.o
                                                  build/stm32l4xx_hal_flash.o
FLASH_WaitForLastOperation                        build/stm32l4xx_hal_flash.o
                                                  build/stm32l4xx_hal_flash_ex.o
FPU_IRQHandler                                    build/startup_stm32l412xx.o
HAL_ADCEx_Calibration_GetValue                    build/stm32l4xx_hal_adc_ex.o
HAL_ADCEx_Calibration_SetValue                    build/stm32l4xx_hal_adc_ex.o
HAL_ADCEx_Calibration_Start                       build/stm32l4xx_hal_adc_ex.o
HAL_ADCEx_DisableInjectedQueue                    build/stm32l4xx_hal_adc_ex.o
HAL_ADCEx_DisableVoltageRegulator                 build/stm32l4xx_hal_adc_ex.o
HAL_ADCEx_EnableInjectedQueue                     build/stm32l4xx_hal_adc_ex.o
HAL_ADCEx_EndOfSamplingCallback                   build/stm32l4xx_hal_adc_ex.o
                                                  build/stm32l4xx_hal_adc.o
HAL_ADCEx_EnterADCDeepPowerDownMode               build/stm32l4xx_hal_adc_ex.o
HAL_ADCEx_InjectedConfigChannel                   build/stm32l4xx_hal_adc_ex.o
HAL_ADCEx_InjectedConvCpltCallback                build/stm32l4xx_hal_adc_ex.o
                                                  build/stm32l4xx_hal_adc.o
HAL_ADCEx_InjectedGetValue                        build/stm32l4xx_hal_adc_ex.o
HAL_ADCEx_InjectedPollForConversion               build/stm32l4xx_hal_adc_ex.o
HAL_ADCEx_InjectedQueueOverflowCallback           build/stm32l4xx_hal_adc_ex.o
                                                  build/stm32l4xx_hal_adc.o
HAL_ADCEx_InjectedStart                           build/stm32l4xx_hal_adc_ex.o
HAL_ADCEx_InjectedStart_IT                        build/stm32l4xx_hal_adc_ex.o
HAL_ADCEx_InjectedStop                            build/stm32l4xx_hal_adc_ex.o
HAL_ADCEx_InjectedStop_IT                         build/stm32l4xx_hal_adc_ex.o
HAL_ADCEx_LevelOutOfWindow2Callback               build/stm32l4xx_hal_adc_ex.o
                                                  build/stm32l4xx_hal_adc.o
HAL_ADCEx_LevelOutOfWindow3Callback               build/stm32l4xx_hal_adc_ex.o
                                                  build/stm32l4xx_hal_adc.o
HAL_ADCEx_MultiModeConfigChannel                  build/stm32l4xx_hal_adc_ex.o
                                                  build/adc.o
HAL_ADCEx_MultiModeGetValue                       build/stm32l4xx_hal_adc_ex.o
HAL_ADCEx_MultiModeStart_DMA                      build/stm32l4xx_hal_adc_ex.o
HAL_ADCEx_MultiModeStop_DMA                       build/stm32l4xx_hal_adc_ex.o
HAL_ADCEx_RegularMultiModeStop_DMA                build/stm32l4xx_hal_adc_ex.o
HAL_ADCEx_RegularStop                             build/stm32l4xx_hal_adc_ex.o
HAL_ADCEx_RegularStop_DMA                         build/stm32l4xx_hal_adc_ex.o
HAL_ADCEx_RegularStop_IT                          build/stm32l4xx_hal_adc_ex.o
HAL_ADC_AnalogWDGConfig                           build/stm32l4xx_hal_adc.o
HAL_ADC_ConfigChannel                             build/stm32l4xx_hal_adc.o
                                                  build/adc.o
HAL_ADC_ConvCpltCallback                          build/stm32l4xx_hal_adc.o
HAL_ADC_ConvHalfCpltCallback                      build/stm32l4xx_hal_adc.o
HAL_ADC_DeInit                                    build/stm32l4xx_hal_adc.o
HAL_ADC_ErrorCallback                             build/stm32l4xx_hal_adc.o
HAL_ADC_GetError                                  build/stm32l4xx_hal_adc.o
HAL_ADC_GetState                                  build/stm32l4xx_hal_adc.o
HAL_ADC_GetValue                                  build/stm32l4xx_hal_adc.o
HAL_ADC_IRQHandler                                build/stm32l4xx_hal_adc.o
HAL_ADC_Init                                      build/stm32l4xx_hal_adc.o
                                                  build/adc.o
HAL_ADC_LevelOutOfWindowCallback                  build/stm32l4xx_hal_adc.o
HAL_ADC_MspDeInit                                 build/adc.o
HAL_ADC_MspInit                                   build/adc.o
HAL_ADC_PollForConversion                         build/stm32l4xx_hal_adc.o
HAL_ADC_PollForEvent                              build/stm32l4xx_hal_adc.o
HAL_ADC_Start                                     build/stm32l4xx_hal_adc.o
HAL_ADC_Start_DMA                                 build/stm32l4xx_hal_adc.o
HAL_ADC_Start_IT                                  build/stm32l4xx_hal_adc.o
HAL_ADC_Stop                                      build/stm32l4xx_hal_adc.o
HAL_ADC_Stop_DMA                                  build/stm32l4xx_hal_adc.o
HAL_ADC_Stop_IT                                   build/stm32l4xx_hal_adc.o
HAL_DBGMCU_DisableDBGSleepMode                    build/stm32l4xx_hal.o
HAL_DBGMCU_DisableDBGStandbyMode                  build/stm32l4xx_hal.o
HAL_DBGMCU_DisableDBGStopMode                     build/stm32l4xx_hal.o
HAL_DBGMCU_EnableDBGSleepMode                     build/stm32l4xx_hal.o
HAL_DBGMCU_EnableDBGStandbyMode                   build/stm32l4xx_hal.o
HAL_DBGMCU_EnableDBGStopMode                      build/stm32l4xx_hal.o
HAL_DMA_Abort                                     build/stm32l4xx_hal_dma.o
                                                  build/stm32l4xx_hal_uart.o
                                                  build/stm32l4xx_hal_spi.o
                                                  build/stm32l4xx_hal_adc_ex.o
                                                  build/stm32l4xx_hal_adc.o
HAL_DMA_Abort_IT                                  build/stm32l4xx_hal_dma.o
                                                  build/stm32l4xx_hal_uart.o
                                                  build/stm32l4xx_hal_tim_ex.o
                                                  build/stm32l4xx_hal_tim.o
                                                  build/stm32l4xx_hal_spi.o
                                                  build/stm32l4xx_hal_i2c.o
HAL_DMA_DeInit                                    build/stm32l4xx_hal_dma.o
                                                  build/tim.o
HAL_DMA_GetError                                  build/stm32l4xx_hal_dma.o
                                                  build/stm32l4xx_hal_uart.o
HAL_DMA_GetState                                  build/stm32l4xx_hal_dma.o
                                                  build/stm32l4xx_hal_i2c.o
HAL_DMA_IRQHandler                                build/stm32l4xx_hal_dma.o
                                                  build/stm32l4xx_it.o
HAL_DMA_Init                                      build/stm32l4xx_hal_dma.o
                                                  build/tim.o
HAL_DMA_PollForTransfer                           build/stm32l4xx_hal_dma.o
HAL_DMA_RegisterCallback                          build/stm32l4xx_hal_dma.o
HAL_DMA_Start                                     build/stm32l4xx_hal_dma.o
HAL_DMA_Start_IT                                  build/stm32l4xx_hal_dma.o
                                                  build/stm32l4xx_hal_uart.o
                                                  build/stm32l4xx_hal_tim_ex.o
                                                  build/stm32l4xx_hal_tim.o
                                                  build/stm32l4xx_hal_spi.o
                                                  build/stm32l4xx_hal_i2c.o
                                                  build/stm32l4xx_hal_adc_ex.o
                                                  build/stm32l4xx_hal_adc.o
HAL_DMA_UnRegisterCallback                        build/stm32l4xx_hal_dma.o
HAL_DeInit                                        build/stm32l4xx_hal.o
HAL_Delay                                         build/stm32l4xx_hal.o
                                                  build/main.o
HAL_EXTI_ClearConfigLine                          build/stm32l4xx_hal_exti.o
HAL_EXTI_ClearPending                             build/stm32l4xx_hal_exti.o
HAL_EXTI_GenerateSWI                              build/stm32l4xx_hal_exti.o
HAL_EXTI_GetConfigLine                            build/stm32l4xx_hal_exti.o
HAL_EXTI_GetHandle                                build/stm32l4xx_hal_exti.o
HAL_EXTI_GetPending                               build/stm32l4xx_hal_exti.o
HAL_EXTI_IRQHandler                               build/stm32l4xx_hal_exti.o
HAL_EXTI_RegisterCallback                         build/stm32l4xx_hal_exti.o
HAL_EXTI_SetConfigLine                            build/stm32l4xx_hal_exti.o
HAL_FLASHEx_DisableRunPowerDown                   build/stm32l4xx_hal_flash_ramfunc.o
HAL_FLASHEx_EnableRunPowerDown                    build/stm32l4xx_hal_flash_ramfunc.o
HAL_FLASHEx_Erase                                 build/stm32l4xx_hal_flash_ex.o
HAL_FLASHEx_Erase_IT                              build/stm32l4xx_hal_flash_ex.o
HAL_FLASHEx_OBGetConfig                           build/stm32l4xx_hal_flash_ex.o
HAL_FLASHEx_OBProgram                             build/stm32l4xx_hal_flash_ex.o
HAL_FLASH_EndOfOperationCallback                  build/stm32l4xx_hal_flash.o
HAL_FLASH_GetError                                build/stm32l4xx_hal_flash.o
HAL_FLASH_IRQHandler                              build/stm32l4xx_hal_flash.o
HAL_FLASH_Lock                                    build/stm32l4xx_hal_flash.o
HAL_FLASH_OB_Launch                               build/stm32l4xx_hal_flash.o
HAL_FLASH_OB_Lock                                 build/stm32l4xx_hal_flash.o
HAL_FLASH_OB_Unlock                               build/stm32l4xx_hal_flash.o
HAL_FLASH_OperationErrorCallback                  build/stm32l4xx_hal_flash.o
HAL_FLASH_Program                                 build/stm32l4xx_hal_flash.o
HAL_FLASH_Program_IT                              build/stm32l4xx_hal_flash.o
HAL_FLASH_Unlock                                  build/stm32l4xx_hal_flash.o
HAL_GPIO_DeInit                                   build/stm32l4xx_hal_gpio.o
                                                  build/usart.o
                                                  build/spi.o
                                                  build/i2c.o
                                                  build/adc.o
HAL_GPIO_EXTI_Callback                            build/stm32l4xx_hal_gpio.o
HAL_GPIO_EXTI_IRQHandler                          build/stm32l4xx_hal_gpio.o
HAL_GPIO_Init                                     build/stm32l4xx_hal_gpio.o
                                                  build/stm32l4xx_hal_rcc_ex.o
                                                  build/stm32l4xx_hal_rcc.o
                                                  build/usart.o
                                                  build/tim.o
                                                  build/spi.o
                                                  build/i2c.o
                                                  build/gpio.o
                                                  build/adc.o
HAL_GPIO_LockPin                                  build/stm32l4xx_hal_gpio.o
HAL_GPIO_ReadPin                                  build/stm32l4xx_hal_gpio.o
HAL_GPIO_TogglePin                                build/stm32l4xx_hal_gpio.o
                                                  build/main.o
HAL_GPIO_WritePin                                 build/stm32l4xx_hal_gpio.o
                                                  build/gpio.o
HAL_GetDEVID                                      build/stm32l4xx_hal.o
HAL_GetHalVersion                                 build/stm32l4xx_hal.o
HAL_GetREVID                                      build/stm32l4xx_hal.o
HAL_GetTick                                       build/stm32l4xx_hal.o
                                                  build/stm32l4xx_hal_uart_ex.o
                                                  build/stm32l4xx_hal_uart.o
                                                  build/stm32l4xx_hal_spi.o
                                                  build/stm32l4xx_hal_rcc_ex.o
                                                  build/stm32l4xx_hal_rcc.o
                                                  build/stm32l4xx_hal_i2c.o
                                                  build/stm32l4xx_hal_flash.o
                                                  build/stm32l4xx_hal_dma.o
                                                  build/stm32l4xx_hal_adc_ex.o
                                                  build/stm32l4xx_hal_adc.o
HAL_GetTickFreq                                   build/stm32l4xx_hal.o
HAL_GetTickPrio                                   build/stm32l4xx_hal.o
HAL_GetUIDw0                                      build/stm32l4xx_hal.o
HAL_GetUIDw1                                      build/stm32l4xx_hal.o
HAL_GetUIDw2                                      build/stm32l4xx_hal.o
HAL_HalfDuplex_EnableReceiver                     build/stm32l4xx_hal_uart.o
HAL_HalfDuplex_EnableTransmitter                  build/stm32l4xx_hal_uart.o
HAL_HalfDuplex_Init                               build/stm32l4xx_hal_uart.o
HAL_I2CEx_ConfigAnalogFilter                      build/stm32l4xx_hal_i2c_ex.o
                                                  build/i2c.o
HAL_I2CEx_ConfigDigitalFilter                     build/stm32l4xx_hal_i2c_ex.o
                                                  build/i2c.o
HAL_I2CEx_DisableFastModePlus                     build/stm32l4xx_hal_i2c_ex.o
HAL_I2CEx_DisableWakeUp                           build/stm32l4xx_hal_i2c_ex.o
HAL_I2CEx_EnableFastModePlus                      build/stm32l4xx_hal_i2c_ex.o
HAL_I2CEx_EnableWakeUp                            build/stm32l4xx_hal_i2c_ex.o
HAL_I2C_AbortCpltCallback                         build/stm32l4xx_hal_i2c.o
HAL_I2C_AddrCallback                              build/stm32l4xx_hal_i2c.o
HAL_I2C_DeInit                                    build/stm32l4xx_hal_i2c.o
HAL_I2C_DisableListen_IT                          build/stm32l4xx_hal_i2c.o
HAL_I2C_ER_IRQHandler                             build/stm32l4xx_hal_i2c.o
HAL_I2C_EV_IRQHandler                             build/stm32l4xx_hal_i2c.o
HAL_I2C_EnableListen_IT                           build/stm32l4xx_hal_i2c.o
HAL_I2C_ErrorCallback                             build/stm32l4xx_hal_i2c.o
HAL_I2C_GetError                                  build/stm32l4xx_hal_i2c.o
HAL_I2C_GetMode                                   build/stm32l4xx_hal_i2c.o
HAL_I2C_GetState                                  build/stm32l4xx_hal_i2c.o
HAL_I2C_Init                                      build/stm32l4xx_hal_i2c.o
                                                  build/i2c.o
HAL_I2C_IsDeviceReady                             build/stm32l4xx_hal_i2c.o
HAL_I2C_ListenCpltCallback                        build/stm32l4xx_hal_i2c.o
HAL_I2C_MasterRxCpltCallback                      build/stm32l4xx_hal_i2c.o
HAL_I2C_MasterTxCpltCallback                      build/stm32l4xx_hal_i2c.o
HAL_I2C_Master_Abort_IT                           build/stm32l4xx_hal_i2c.o
HAL_I2C_Master_Receive                            build/stm32l4xx_hal_i2c.o
HAL_I2C_Master_Receive_DMA                        build/stm32l4xx_hal_i2c.o
HAL_I2C_Master_Receive_IT                         build/stm32l4xx_hal_i2c.o
HAL_I2C_Master_Seq_Receive_DMA                    build/stm32l4xx_hal_i2c.o
HAL_I2C_Master_Seq_Receive_IT                     build/stm32l4xx_hal_i2c.o
HAL_I2C_Master_Seq_Transmit_DMA                   build/stm32l4xx_hal_i2c.o
HAL_I2C_Master_Seq_Transmit_IT                    build/stm32l4xx_hal_i2c.o
HAL_I2C_Master_Transmit                           build/stm32l4xx_hal_i2c.o
HAL_I2C_Master_Transmit_DMA                       build/stm32l4xx_hal_i2c.o
HAL_I2C_Master_Transmit_IT                        build/stm32l4xx_hal_i2c.o
HAL_I2C_MemRxCpltCallback                         build/stm32l4xx_hal_i2c.o
HAL_I2C_MemTxCpltCallback                         build/stm32l4xx_hal_i2c.o
HAL_I2C_Mem_Read                                  build/stm32l4xx_hal_i2c.o
HAL_I2C_Mem_Read_DMA                              build/stm32l4xx_hal_i2c.o
HAL_I2C_Mem_Read_IT                               build/stm32l4xx_hal_i2c.o
HAL_I2C_Mem_Write                                 build/stm32l4xx_hal_i2c.o
HAL_I2C_Mem_Write_DMA                             build/stm32l4xx_hal_i2c.o
HAL_I2C_Mem_Write_IT                              build/stm32l4xx_hal_i2c.o
HAL_I2C_MspDeInit                                 build/i2c.o
HAL_I2C_MspInit                                   build/i2c.o
HAL_I2C_SlaveRxCpltCallback                       build/stm32l4xx_hal_i2c.o
HAL_I2C_SlaveTxCpltCallback                       build/stm32l4xx_hal_i2c.o
HAL_I2C_Slave_Receive                             build/stm32l4xx_hal_i2c.o
HAL_I2C_Slave_Receive_DMA                         build/stm32l4xx_hal_i2c.o
HAL_I2C_Slave_Receive_IT                          build/stm32l4xx_hal_i2c.o
HAL_I2C_Slave_Seq_Receive_DMA                     build/stm32l4xx_hal_i2c.o
HAL_I2C_Slave_Seq_Receive_IT                      build/stm32l4xx_hal_i2c.o
HAL_I2C_Slave_Seq_Transmit_DMA                    build/stm32l4xx_hal_i2c.o
HAL_I2C_Slave_Seq_Transmit_IT                     build/stm32l4xx_hal_i2c.o
HAL_I2C_Slave_Transmit                            build/stm32l4xx_hal_i2c.o
HAL_I2C_Slave_Transmit_DMA                        build/stm32l4xx_hal_i2c.o
HAL_I2C_Slave_Transmit_IT                         build/stm32l4xx_hal_i2c.o
HAL_IncTick                                       build/stm32l4xx_hal.o
                                                  build/stm32l4xx_it.o
HAL_Init                                          build/stm32l4xx_hal.o
                                                  build/main.o
HAL_InitTick                                      build/stm32l4xx_hal.o
                                                  build/stm32l4xx_hal_rcc.o
HAL_LIN_Init                                      build/stm32l4xx_hal_uart.o
HAL_LIN_SendBreak                                 build/stm32l4xx_hal_uart.o
HAL_MPU_ConfigRegion                              build/stm32l4xx_hal_cortex.o
HAL_MPU_Disable                                   build/stm32l4xx_hal_cortex.o
HAL_MPU_Enable                                    build/stm32l4xx_hal_cortex.o
HAL_MspDeInit                                     build/stm32l4xx_hal.o
HAL_MspInit                                       build/stm32l4xx_hal_msp.o
HAL_MultiProcessorEx_AddressLength_Set            build/stm32l4xx_hal_uart_ex.o
HAL_MultiProcessor_DisableMuteMode                build/stm32l4xx_hal_uart.o
HAL_MultiProcessor_EnableMuteMode                 build/stm32l4xx_hal_uart.o
HAL_MultiProcessor_EnterMuteMode                  build/stm32l4xx_hal_uart.o
HAL_MultiProcessor_Init                           build/stm32l4xx_hal_uart.o
HAL_NVIC_ClearPendingIRQ                          build/stm32l4xx_hal_cortex.o
HAL_NVIC_DisableIRQ                               build/stm32l4xx_hal_cortex.o
HAL_NVIC_EnableIRQ                                build/stm32l4xx_hal_cortex.o
                                                  build/dma.o
HAL_NVIC_GetActive                                build/stm32l4xx_hal_cortex.o
HAL_NVIC_GetPendingIRQ                            build/stm32l4xx_hal_cortex.o
HAL_NVIC_GetPriority                              build/stm32l4xx_hal_cortex.o
HAL_NVIC_GetPriorityGrouping                      build/stm32l4xx_hal_cortex.o
HAL_NVIC_SetPendingIRQ                            build/stm32l4xx_hal_cortex.o
HAL_NVIC_SetPriority                              build/stm32l4xx_hal_cortex.o
                                                  build/stm32l4xx_hal.o
                                                  build/dma.o
HAL_NVIC_SetPriorityGrouping                      build/stm32l4xx_hal_cortex.o
                                                  build/stm32l4xx_hal.o
HAL_NVIC_SystemReset                              build/stm32l4xx_hal_cortex.o
HAL_PWREx_ConfigPVM                               build/stm32l4xx_hal_pwr_ex.o
HAL_PWREx_ControlVoltageScaling                   build/stm32l4xx_hal_pwr_ex.o
                                                  build/main.o
HAL_PWREx_DisableBORPVD_ULP                       build/stm32l4xx_hal_pwr_ex.o
HAL_PWREx_DisableBatteryCharging                  build/stm32l4xx_hal_pwr_ex.o
HAL_PWREx_DisableExtSMPS_0V95                     build/stm32l4xx_hal_pwr_ex.o
HAL_PWREx_DisableGPIOPullDown                     build/stm32l4xx_hal_pwr_ex.o
HAL_PWREx_DisableGPIOPullUp                       build/stm32l4xx_hal_pwr_ex.o
HAL_PWREx_DisableInternalWakeUpLine               build/stm32l4xx_hal_pwr_ex.o
HAL_PWREx_DisableLowPowerRunMode                  build/stm32l4xx_hal_pwr_ex.o
                                                  build/stm32l4xx_hal_pwr.o
HAL_PWREx_DisablePVM1                             build/stm32l4xx_hal_pwr_ex.o
HAL_PWREx_DisablePVM3                             build/stm32l4xx_hal_pwr_ex.o
HAL_PWREx_DisablePVM4                             build/stm32l4xx_hal_pwr_ex.o
HAL_PWREx_DisablePullUpPullDownConfig             build/stm32l4xx_hal_pwr_ex.o
HAL_PWREx_DisableSRAM2ContentRetention            build/stm32l4xx_hal_pwr_ex.o
HAL_PWREx_DisableVddUSB                           build/stm32l4xx_hal_pwr_ex.o
HAL_PWREx_EnableBORPVD_ULP                        build/stm32l4xx_hal_pwr_ex.o
HAL_PWREx_EnableBatteryCharging                   build/stm32l4xx_hal_pwr_ex.o
HAL_PWREx_EnableExtSMPS_0V95                      build/stm32l4xx_hal_pwr_ex.o
HAL_PWREx_EnableGPIOPullDown                      build/stm32l4xx_hal_pwr_ex.o
HAL_PWREx_EnableGPIOPullUp                        build/stm32l4xx_hal_pwr_ex.o
HAL_PWREx_EnableInternalWakeUpLine                build/stm32l4xx_hal_pwr_ex.o
HAL_PWREx_EnableLowPowerRunMode                   build/stm32l4xx_hal_pwr_ex.o
                                                  build/stm32l4xx_hal_pwr.o
HAL_PWREx_EnablePVM1                              build/stm32l4xx_hal_pwr_ex.o
HAL_PWREx_EnablePVM3                              build/stm32l4xx_hal_pwr_ex.o
HAL_PWREx_EnablePVM4                              build/stm32l4xx_hal_pwr_ex.o
HAL_PWREx_EnablePullUpPullDownConfig              build/stm32l4xx_hal_pwr_ex.o
HAL_PWREx_EnableSRAM2ContentRetention             build/stm32l4xx_hal_pwr_ex.o
HAL_PWREx_EnableVddUSB                            build/stm32l4xx_hal_pwr_ex.o
HAL_PWREx_EnterSHUTDOWNMode                       build/stm32l4xx_hal_pwr_ex.o
HAL_PWREx_EnterSTOP0Mode                          build/stm32l4xx_hal_pwr_ex.o
                                                  build/stm32l4xx_hal_pwr.o
HAL_PWREx_EnterSTOP1Mode                          build/stm32l4xx_hal_pwr_ex.o
                                                  build/stm32l4xx_hal_pwr.o
HAL_PWREx_EnterSTOP2Mode                          build/stm32l4xx_hal_pwr_ex.o
HAL_PWREx_GetVoltageRange                         build/stm32l4xx_hal_pwr_ex.o
                                                  build/stm32l4xx_hal_rcc.o
HAL_PWREx_PVD_PVM_IRQHandler                      build/stm32l4xx_hal_pwr_ex.o
HAL_PWREx_PVM1Callback                            build/stm32l4xx_hal_pwr_ex.o
HAL_PWREx_PVM3Callback                            build/stm32l4xx_hal_pwr_ex.o
HAL_PWREx_PVM4Callback                            build/stm32l4xx_hal_pwr_ex.o
HAL_PWREx_SetSRAM2ContentRetention                build/stm32l4xx_hal_pwr_ex.o
HAL_PWR_ConfigPVD                                 build/stm32l4xx_hal_pwr.o
HAL_PWR_DeInit                                    build/stm32l4xx_hal_pwr.o
HAL_PWR_DisableBkUpAccess                         build/stm32l4xx_hal_pwr.o
                                                  build/stm32l4xx_hal_rcc_ex.o
HAL_PWR_DisablePVD                                build/stm32l4xx_hal_pwr.o
HAL_PWR_DisableSEVOnPend                          build/stm32l4xx_hal_pwr.o
HAL_PWR_DisableSleepOnExit                        build/stm32l4xx_hal_pwr.o
HAL_PWR_DisableWakeUpPin                          build/stm32l4xx_hal_pwr.o
HAL_PWR_EnableBkUpAccess                          build/stm32l4xx_hal_pwr.o
                                                  build/stm32l4xx_hal_rcc_ex.o
HAL_PWR_EnablePVD                                 build/stm32l4xx_hal_pwr.o